

================================================================
== Synthesis Summary Report of 'krnl_LZW'
================================================================
+ General Information: 
    * Date:           Sat Dec  9 23:40:30 2023
    * Version:        2020.2 (Build 3064766 on Wed Nov 18 09:12:47 MST 2020)
    * Project:        Demo_kernel
    * Solution:       solution1 (Vitis Kernel Flow Target)
    * Product family: zynquplus
    * Target device:  xczu3eg-sbva484-1-i
    

+ Performance & Resource Estimates: 
    
    PS: '+' for module; 'o' for loop; '*' for dataflow
    +-----------------------+--------+-------+---------+-----------+----------+---------+-------+----------+----------+----+-----------+-------------+-----+
    |        Modules        |  Issue |       | Latency |  Latency  | Iteration|         |  Trip |          |          |    |           |             |     |
    |        & Loops        |  Type  | Slack | (cycles)|    (ns)   |  Latency | Interval| Count | Pipelined|   BRAM   | DSP|     FF    |     LUT     | URAM|
    +-----------------------+--------+-------+---------+-----------+----------+---------+-------+----------+----------+----+-----------+-------------+-----+
    |+ krnl_LZW             |  Timing|   0.00|        -|          -|         -|        -|      -|        no|  89 (20%)|   -|  4656 (3%)|  12127 (17%)|    -|
    | o VITIS_LOOP_65_1     |       -|  -4.87|       51|    340.017|         3|        1|     50|       yes|         -|   -|          -|            -|    -|
    | o VITIS_LOOP_71_2     |       -|  -4.87|        -|          -|         -|        -|      -|        no|         -|   -|          -|            -|    -|
    |  o VITIS_LOOP_84_3    |       -|  -4.87|    32768|  2.185e+05|         1|        1|  32768|       yes|         -|   -|          -|            -|    -|
    |  o VITIS_LOOP_92_5    |       -|  -4.87|      512|  3.414e+03|         1|        1|    512|       yes|         -|   -|          -|            -|    -|
    |  o VITIS_LOOP_124_7   |       -|  -4.87|        -|          -|       364|        -|      -|        no|         -|   -|          -|            -|    -|
    |   o VITIS_LOOP_7_1    |       -|  -4.87|       21|    140.007|         1|        1|     21|       yes|         -|   -|          -|            -|    -|
    |   o VITIS_LOOP_159_9  |       -|  -4.87|      216|  1.440e+03|         1|        1|    216|       yes|         -|   -|          -|            -|    -|
    |   o VITIS_LOOP_7_1    |       -|  -4.87|       21|    140.007|         1|        1|     21|       yes|         -|   -|          -|            -|    -|
    |   o VITIS_LOOP_7_1    |       -|  -4.87|       21|    140.007|         1|        1|     21|       yes|         -|   -|          -|            -|    -|
    |  o VITIS_LOOP_71_2.4  |       -|  -4.87|       71|    473.357|        71|        1|      2|       yes|         -|   -|          -|            -|    -|
    |  o VITIS_LOOP_71_2.5  |       -|  -4.87|    32836|  2.189e+05|        71|        1|  32767|       yes|         -|   -|          -|            -|    -|
    |  o VITIS_LOOP_71_2.6  |       -|  -4.87|       70|    466.690|        71|        1|      1|       yes|         -|   -|          -|            -|    -|
    +-----------------------+--------+-------+---------+-----------+----------+---------+-------+----------+----------+----+-----------+-------------+-----+

