

================================================================
== Synthesis Summary Report of 'LZW_hybrid_hash_HW'
================================================================
+ General Information: 
    * Date:           Mon Dec 11 10:17:42 2023
    * Version:        2020.2 (Build 3064766 on Wed Nov 18 09:12:47 MST 2020)
    * Project:        LZW_HW
    * Solution:       solution1 (Vitis Kernel Flow Target)
    * Product family: zynquplus
    * Target device:  xczu3eg-sbva484-1-i
    

+ Performance & Resource Estimates: 
    
    PS: '+' for module; 'o' for loop; '*' for dataflow
    +----------------------+--------+-------+---------+-----------+----------+---------+-------+----------+----------+----+-----------+------------+-----+
    |        Modules       |  Issue |       | Latency |  Latency  | Iteration|         |  Trip |          |          |    |           |            |     |
    |        & Loops       |  Type  | Slack | (cycles)|    (ns)   |  Latency | Interval| Count | Pipelined|   BRAM   | DSP|     FF    |     LUT    | URAM|
    +----------------------+--------+-------+---------+-----------+----------+---------+-------+----------+----------+----+-----------+------------+-----+
    |+ LZW_hybrid_hash_HW  |  Timing|   0.00|        -|          -|         -|        -|      -|        no|  89 (20%)|   -|  3572 (2%)|  9134 (12%)|    -|
    | o VITIS_LOOP_45_1    |       -|  -4.87|    32768|  2.185e+05|         1|        1|  32768|       yes|         -|   -|          -|           -|    -|
    | o VITIS_LOOP_52_3    |       -|  -4.87|      512|  3.414e+03|         1|        1|    512|       yes|         -|   -|          -|           -|    -|
    | o VITIS_LOOP_119_4   |       -|  -4.87|        -|          -|       364|        -|      -|        no|         -|   -|          -|           -|    -|
    |  o VITIS_LOOP_7_1    |       -|  -4.87|       21|    140.007|         1|        1|     21|       yes|         -|   -|          -|           -|    -|
    |  o VITIS_LOOP_153_6  |       -|  -4.87|      216|  1.440e+03|         1|        1|    216|       yes|         -|   -|          -|           -|    -|
    |  o VITIS_LOOP_7_1    |       -|  -4.87|       21|    140.007|         1|        1|     21|       yes|         -|   -|          -|           -|    -|
    |  o VITIS_LOOP_7_1    |       -|  -4.87|       21|    140.007|         1|        1|     21|       yes|         -|   -|          -|           -|    -|
    | o Loop 4             |       -|  -4.87|    32836|  2.189e+05|        71|        1|  32767|       yes|         -|   -|          -|           -|    -|
    | o Loop 5             |       -|  -4.87|       70|    466.690|        71|        1|      1|       yes|         -|   -|          -|           -|    -|
    +----------------------+--------+-------+---------+-----------+----------+---------+-------+----------+----------+----+-----------+------------+-----+

