

================================================================
== Vitis HLS Report for 'LZW_hybrid_hash_HW'
================================================================
* Date:           Tue Nov 14 20:57:17 2023

* Version:        2020.2 (Build 3064766 on Wed Nov 18 09:12:47 MST 2020)
* Project:        LZW_HW
* Solution:       solution1 (Vitis Kernel Flow Target)
* Product family: zynquplus
* Target device:  xczu3eg-sbva484-1-i


================================================================
== Performance Estimates
================================================================
+ Timing: 
    * Summary: 
    +--------+---------+----------+------------+
    |  Clock |  Target | Estimated| Uncertainty|
    +--------+---------+----------+------------+
    |ap_clk  |  6.67 ns|  4.867 ns|     1.80 ns|
    +--------+---------+----------+------------+

+ Latency: 
    * Summary: 
    +---------+---------+----------+----------+-----+-----+---------+
    |  Latency (cycles) |  Latency (absolute) |  Interval | Pipeline|
    |   min   |   max   |    min   |    max   | min | max |   Type  |
    +---------+---------+----------+----------+-----+-----+---------+
    |        ?|        ?|         ?|         ?|    ?|    ?|     none|
    +---------+---------+----------+----------+-----+-----+---------+

    + Detail: 
        * Instance: 
        N/A

        * Loop: 
        +---------------------+---------+---------+----------+-----------+-----------+-----------+----------+
        |                     |  Latency (cycles) | Iteration|  Initiation Interval  |    Trip   |          |
        |      Loop Name      |   min   |   max   |  Latency |  achieved |   target  |   Count   | Pipelined|
        +---------------------+---------+---------+----------+-----------+-----------+-----------+----------+
        |- VITIS_LOOP_44_1    |    32768|    32768|         1|          1|          1|      32768|       yes|
        |- VITIS_LOOP_51_3    |      512|      512|         1|          1|          1|        512|       yes|
        |- VITIS_LOOP_117_4   |        ?|        ?|  98 ~ 220|          -|          -|          ?|        no|
        | + VITIS_LOOP_7_1    |       21|       21|         1|          1|          1|         21|       yes|
        | + VITIS_LOOP_151_6  |        1|       72|         1|          1|          1|     1 ~ 72|       yes|
        | + VITIS_LOOP_7_1    |       21|       21|         1|          1|          1|         21|       yes|
        | + VITIS_LOOP_7_1    |       21|       21|         1|          1|          1|         21|       yes|
        |- Loop 4             |        0|    32836|        71|          1|          1|  0 ~ 32767|       yes|
        |- Loop 5             |        0|       70|        71|          1|          1|      0 ~ 1|       yes|
        +---------------------+---------+---------+----------+-----------+-----------+-----------+----------+



================================================================
== Utilization Estimates
================================================================
* Summary: 
+-----------------+---------+-----+--------+-------+-----+
|       Name      | BRAM_18K| DSP |   FF   |  LUT  | URAM|
+-----------------+---------+-----+--------+-------+-----+
|DSP              |        -|    -|       -|      -|    -|
|Expression       |        -|    -|       0|   3381|    -|
|FIFO             |        -|    -|       -|      -|    -|
|Instance         |        2|    -|     726|    940|    -|
|Memory           |       74|    -|      26|     15|    -|
|Multiplexer      |        -|    -|       -|   2056|    -|
|Register         |        -|    -|    1911|     64|    -|
+-----------------+---------+-----+--------+-------+-----+
|Total            |       76|    0|    2663|   6456|    0|
+-----------------+---------+-----+--------+-------+-----+
|Available        |      432|  360|  141120|  70560|    0|
+-----------------+---------+-----+--------+-------+-----+
|Utilization (%)  |       17|    0|       1|      9|    0|
+-----------------+---------+-----+--------+-------+-----+

+ Detail: 
    * Instance: 
    +-----------------+---------------+---------+----+-----+-----+-----+
    |     Instance    |     Module    | BRAM_18K| DSP|  FF | LUT | URAM|
    +-----------------+---------------+---------+----+-----+-----+-----+
    |control_s_axi_U  |control_s_axi  |        0|   0|  214|  360|    0|
    |gmem_m_axi_U     |gmem_m_axi     |        2|   0|  512|  580|    0|
    +-----------------+---------------+---------+----+-----+-----+-----+
    |Total            |               |        2|   0|  726|  940|    0|
    +-----------------+---------------+---------+----+-----+-----+-----+

    * DSP: 
    N/A

    * Memory: 
    +---------------------------------+------------------------------+---------+----+----+-----+-------+-----+------+-------------+
    |              Memory             |            Module            | BRAM_18K| FF | LUT| URAM| Words | Bits| Banks| W*Bits*Banks|
    +---------------------------------+------------------------------+---------+----+----+-----+-------+-----+------+-------------+
    |hash_table_V_0_U                 |hash_table_V_0                |       64|   0|   0|    0|  32768|   35|     1|      1146880|
    |my_assoc_mem_upper_key_mem_V_U   |my_assoc_mem_upper_key_mem_V  |        2|   0|   0|    0|    512|   72|     1|        36864|
    |my_assoc_mem_middle_key_mem_V_U  |my_assoc_mem_upper_key_mem_V  |        2|   0|   0|    0|    512|   72|     1|        36864|
    |my_assoc_mem_lower_key_mem_V_U   |my_assoc_mem_upper_key_mem_V  |        2|   0|   0|    0|    512|   72|     1|        36864|
    |my_assoc_mem_value_V_U           |my_assoc_mem_value_V          |        0|  26|  15|    0|     72|   13|     1|          936|
    |store_array_U                    |store_array                   |        4|   0|   0|    0|   4096|   16|     1|        65536|
    +---------------------------------+------------------------------+---------+----+----+-----+-------+-----+------+-------------+
    |Total                            |                              |       74|  26|  15|    0|  38472|  280|     6|      1323944|
    +---------------------------------+------------------------------+---------+----+----+-----+-------+-----+------+-------------+

    * FIFO: 
    N/A

    * Expression: 
    +-------------------------------------+----------+----+---+-----+------------+------------+
    |            Variable Name            | Operation| DSP| FF| LUT | Bitwidth P0| Bitwidth P1|
    +-------------------------------------+----------+----+---+-----+------------+------------+
    |add_ln117_fu_908_p2                  |         +|   0|  0|   23|          16|           2|
    |add_ln119_1_fu_979_p2                |         +|   0|  0|   71|          64|          64|
    |add_ln119_2_fu_916_p2                |         +|   0|  0|    9|           2|           1|
    |add_ln119_3_fu_1004_p2               |         +|   0|  0|    9|           2|           2|
    |add_ln119_fu_965_p2                  |         +|   0|  0|   23|          16|           1|
    |add_ln238_fu_1800_p2                 |         +|   0|  0|   19|          12|           2|
    |add_ln270_fu_1045_p2                 |         +|   0|  0|   19|          12|           2|
    |add_ln287_fu_2224_p2                 |         +|   0|  0|   71|          64|           3|
    |add_ln291_fu_2495_p2                 |         +|   0|  0|   23|          16|           3|
    |add_ln44_fu_830_p2                   |         +|   0|  0|   23|          16|           1|
    |add_ln51_fu_847_p2                   |         +|   0|  0|   17|          10|           1|
    |add_ln5_1_fu_1558_p2                 |         +|   0|  0|   22|          15|          15|
    |add_ln5_2_fu_1758_p2                 |         +|   0|  0|   22|          15|          15|
    |add_ln5_fu_1300_p2                   |         +|   0|  0|   22|          15|          15|
    |address_1_fu_1419_p2                 |         +|   0|  0|   14|           7|           1|
    |compressed_length_fu_2136_p2         |         +|   0|  0|   23|          16|           2|
    |empty_118_fu_2246_p2                 |         +|   0|  0|   22|          15|           1|
    |empty_123_fu_2278_p2                 |         +|   0|  0|   71|          64|          64|
    |empty_124_fu_2314_p2                 |         +|   0|  0|    9|           2|           2|
    |empty_130_fu_2366_p2                 |         +|   0|  0|   20|          13|          13|
    |empty_134_fu_2391_p2                 |         +|   0|  0|    2|          64|          64|
    |empty_135_fu_2462_p2                 |         +|   0|  0|    2|           2|           2|
    |hashed_10_fu_1494_p2                 |         +|   0|  0|   39|          32|          32|
    |hashed_12_fu_1752_p2                 |         +|   0|  0|   33|          26|          26|
    |hashed_15_fu_1667_p2                 |         +|   0|  0|   39|          32|          32|
    |hashed_16_fu_1679_p2                 |         +|   0|  0|   39|          32|          32|
    |hashed_3_fu_1224_p2                  |         +|   0|  0|   39|          32|          32|
    |hashed_4_fu_1236_p2                  |         +|   0|  0|   39|          32|          32|
    |hashed_6_fu_1552_p2                  |         +|   0|  0|   33|          26|          26|
    |hashed_9_fu_1482_p2                  |         +|   0|  0|   39|          32|          32|
    |hashed_fu_1294_p2                    |         +|   0|  0|   33|          26|          26|
    |i_4_fu_1195_p2                       |         +|   0|  0|   12|           5|           1|
    |i_6_fu_1453_p2                       |         +|   0|  0|   12|           5|           1|
    |i_8_fu_1638_p2                       |         +|   0|  0|   12|           5|           1|
    |j_1_fu_2043_p2                       |         +|   0|  0|   22|          15|           2|
    |j_3_fu_1854_p2                       |         +|   0|  0|   23|          16|           1|
    |my_assoc_mem_fill_fu_1627_p2         |         +|   0|  0|   39|          32|           1|
    |next_code_V_1_fu_1975_p2             |         +|   0|  0|   20|          13|           1|
    |shift_3_fu_1101_p2                   |         +|   0|  0|   15|           8|           2|
    |shift_4_fu_1057_p2                   |         +|   0|  0|   12|           4|           2|
    |shift_9_fu_1815_p2                   |         +|   0|  0|   12|           4|           2|
    |sub_fu_896_p2                        |         +|   0|  0|   24|          17|           2|
    |tmp3_fu_2386_p2                      |         +|   0|  0|    2|          64|          64|
    |tmp4_fu_2457_p2                      |         +|   0|  0|    2|           2|           2|
    |vacant_bit_number_2_fu_1994_p2       |         +|   0|  0|   15|           8|           5|
    |vacant_bit_number_fu_1888_p2         |         +|   0|  0|   15|           8|           5|
    |shift_10_fu_1835_p2                  |         -|   0|  0|   12|           3|           4|
    |shift_11_fu_1844_p2                  |         -|   0|  0|   13|           6|           5|
    |shift_6_fu_2050_p2                   |         -|   0|  0|   12|           3|           4|
    |shift_7_fu_2117_p2                   |         -|   0|  0|   13|           6|           5|
    |sub_ln287_fu_2232_p2                 |         -|   0|  0|   24|          17|          17|
    |and_ln1348_fu_1401_p2                |       and|   0|  0|   72|          72|          72|
    |ap_block_pp6_stage0_01001            |       and|   0|  0|    2|           1|           1|
    |ap_block_pp7_stage0_01001            |       and|   0|  0|    2|           1|           1|
    |ap_block_state235_io                 |       and|   0|  0|    2|           1|           1|
    |ap_block_state236_io                 |       and|   0|  0|    2|           1|           1|
    |ap_block_state304_pp6_stage0_iter70  |       and|   0|  0|    2|           1|           1|
    |ap_block_state307_io                 |       and|   0|  0|    2|           1|           1|
    |ap_block_state308_io                 |       and|   0|  0|    2|           1|           1|
    |ap_block_state376_pp7_stage0_iter70  |       and|   0|  0|    2|           1|           1|
    |hit_fu_1339_p2                       |       and|   0|  0|    2|           1|           1|
    |ret_fu_1407_p2                       |       and|   0|  0|   72|          72|          72|
    |exitcond18_fu_2252_p2                |      icmp|   0|  0|   12|          15|          15|
    |icmp_ln117_1_fu_960_p2               |      icmp|   0|  0|   13|          16|          16|
    |icmp_ln117_fu_902_p2                 |      icmp|   0|  0|   13|          17|           1|
    |icmp_ln151_fu_1413_p2                |      icmp|   0|  0|   10|           7|           7|
    |icmp_ln198_fu_1588_p2                |      icmp|   0|  0|   20|          32|           7|
    |icmp_ln223_fu_1789_p2                |      icmp|   0|  0|   13|          16|           1|
    |icmp_ln228_fu_1795_p2                |      icmp|   0|  0|   11|           8|           4|
    |icmp_ln255_fu_1018_p2                |      icmp|   0|  0|   13|          16|           1|
    |icmp_ln260_fu_1035_p2                |      icmp|   0|  0|   11|           8|           4|
    |icmp_ln281_fu_2152_p2                |      icmp|   0|  0|    9|           5|           1|
    |icmp_ln44_fu_836_p2                  |      icmp|   0|  0|   13|          16|          17|
    |icmp_ln51_fu_853_p2                  |      icmp|   0|  0|   11|          10|          11|
    |icmp_ln7_1_fu_1459_p2                |      icmp|   0|  0|    9|           5|           5|
    |icmp_ln7_2_fu_1644_p2                |      icmp|   0|  0|    9|           5|           5|
    |icmp_ln7_fu_1201_p2                  |      icmp|   0|  0|    9|           5|           5|
    |icmp_ln870_fu_1334_p2                |      icmp|   0|  0|   15|          21|          21|
    |empty_132_fu_2439_p2                 |      lshr|   0|  0|   35|          16|          16|
    |lshr_ln119_fu_1159_p2                |      lshr|   0|  0|  100|          32|          32|
    |lshr_ln1497_1_fu_1469_p2             |      lshr|   0|  0|   55|          21|          21|
    |lshr_ln1497_3_fu_1654_p2             |      lshr|   0|  0|   55|          21|          21|
    |lshr_ln1497_fu_1211_p2               |      lshr|   0|  0|   55|          21|          21|
    |lshr_ln1521_fu_1429_p2               |      lshr|   0|  0|  212|          72|          72|
    |lshr_ln232_fu_1921_p2                |      lshr|   0|  0|   29|          14|          14|
    |lshr_ln265_fu_2063_p2                |      lshr|   0|  0|   29|          14|          14|
    |ap_block_pp6_stage0_11001            |        or|   0|  0|    2|           1|           1|
    |ap_block_pp7_stage0_11001            |        or|   0|  0|    2|           1|           1|
    |ap_block_state1                      |        or|   0|  0|    2|           1|           1|
    |compressed_length_1_fu_2158_p2       |        or|   0|  0|   16|          16|           1|
    |or_ln232_fu_1934_p2                  |        or|   0|  0|   12|          12|          12|
    |or_ln238_fu_1906_p2                  |        or|   0|  0|   16|          16|          16|
    |or_ln265_fu_2076_p2                  |        or|   0|  0|   12|          12|          12|
    |or_ln270_fu_2014_p2                  |        or|   0|  0|   16|          16|          16|
    |or_ln709_1_fu_1610_p2                |        or|   0|  0|   72|          72|          72|
    |or_ln709_2_fu_1616_p2                |        or|   0|  0|   72|          72|          72|
    |or_ln709_fu_1604_p2                  |        or|   0|  0|   72|          72|          72|
    |code_V_1_fu_1355_p3                  |    select|   0|  0|   13|           1|          13|
    |compressed_length_2_fu_2164_p3       |    select|   0|  0|   16|           1|          16|
    |empty_125_fu_2323_p2                 |       shl|   0|  0|    9|           2|           4|
    |empty_126_fu_2341_p2                 |       shl|   0|  0|  100|          32|          32|
    |empty_136_fu_2471_p2                 |       shl|   0|  0|    9|           1|           4|
    |empty_137_fu_2489_p2                 |       shl|   0|  0|  100|          32|          32|
    |r_2_fu_1598_p2                       |       shl|   0|  0|  212|           1|          72|
    |shl_ln230_fu_1824_p2                 |       shl|   0|  0|   35|          16|          16|
    |shl_ln238_fu_1897_p2                 |       shl|   0|  0|  100|          32|          32|
    |shl_ln257_fu_1111_p2                 |       shl|   0|  0|  100|          32|          32|
    |shl_ln262_fu_1067_p2                 |       shl|   0|  0|   35|          16|          16|
    |shl_ln270_fu_2005_p2                 |       shl|   0|  0|  100|          32|          32|
    |ap_enable_pp6                        |       xor|   0|  0|    2|           1|           2|
    |ap_enable_pp7                        |       xor|   0|  0|    2|           1|           2|
    |ap_enable_reg_pp6_iter1              |       xor|   0|  0|    2|           2|           1|
    |ap_enable_reg_pp7_iter1              |       xor|   0|  0|    2|           2|           1|
    |empty_131_fu_2422_p2                 |       xor|   0|  0|    2|           1|           1|
    |empty_140_fu_2416_p2                 |       xor|   0|  0|    2|           1|           2|
    |exitcondtmp_fu_2353_p2               |       xor|   0|  0|    2|           1|           1|
    |hashed_11_fu_1514_p2                 |       xor|   0|  0|   32|          32|          32|
    |hashed_13_fu_1774_p2                 |       xor|   0|  0|   15|          15|          15|
    |hashed_17_fu_1699_p2                 |       xor|   0|  0|   32|          32|          32|
    |hashed_1_fu_1316_p2                  |       xor|   0|  0|   15|          15|          15|
    |hashed_5_fu_1256_p2                  |       xor|   0|  0|   32|          32|          32|
    |hashed_7_fu_1574_p2                  |       xor|   0|  0|   15|          15|          15|
    +-------------------------------------+----------+----+---+-----+------------+------------+
    |Total                                |          |   0|  0| 3381|        2174|        1886|
    +-------------------------------------+----------+----+---+-----+------------+------------+

    * Multiplexer: 
    +----------------------------------------------+------+-----------+-----+-----------+
    |                     Name                     |  LUT | Input Size| Bits| Total Bits|
    +----------------------------------------------+------+-----------+-----+-----------+
    |address_reg_695                               |     9|          2|    7|         14|
    |ap_NS_fsm                                     |  1270|        239|    1|        239|
    |ap_done                                       |     9|          2|    1|          2|
    |ap_enable_reg_pp6_iter1                       |     9|          2|    1|          2|
    |ap_enable_reg_pp6_iter70                      |     9|          2|    1|          2|
    |ap_enable_reg_pp7_iter1                       |     9|          2|    1|          2|
    |ap_enable_reg_pp7_iter70                      |     9|          2|    1|          2|
    |ap_phi_mux_j24_0_lcssa_phi_fu_664_p4          |     9|          2|   15|         30|
    |ap_phi_mux_j_2_phi_fu_767_p6                  |    14|          3|   15|         45|
    |ap_phi_mux_prefix_code_0_lcssa_phi_fu_642_p4  |     9|          2|   13|         26|
    |ap_phi_mux_residual_loop_index_phi_fu_792_p4  |     9|          2|    1|          2|
    |ap_phi_mux_shift_0_lcssa_phi_fu_652_p4        |     9|          2|    8|         16|
    |ap_phi_mux_shift_5_phi_fu_756_p6              |    14|          3|    8|         24|
    |code_V_fu_302                                 |    20|          4|   13|         52|
    |gmem_ARADDR                                   |    14|          3|   64|        192|
    |gmem_AWADDR                                   |    20|          4|   64|        256|
    |gmem_WDATA                                    |    20|          4|   32|        128|
    |gmem_WSTRB                                    |    20|          4|    4|         16|
    |gmem_blk_n_AR                                 |     9|          2|    1|          2|
    |gmem_blk_n_AW                                 |     9|          2|    1|          2|
    |gmem_blk_n_B                                  |     9|          2|    1|          2|
    |gmem_blk_n_R                                  |     9|          2|    1|          2|
    |gmem_blk_n_W                                  |     9|          2|    1|          2|
    |hash_table_V_0_address0                       |    26|          5|   15|         75|
    |hash_table_V_0_d0                             |    14|          3|   35|        105|
    |hashed_14_reg_730                             |     9|          2|   32|         64|
    |hashed_2_reg_672                              |     9|          2|   32|         64|
    |hashed_8_reg_707                              |     9|          2|   32|         64|
    |i_1_reg_617                                   |     9|          2|   10|         20|
    |i_2_reg_628                                   |     9|          2|   16|         32|
    |i_3_reg_684                                   |     9|          2|    5|         10|
    |i_5_reg_719                                   |     9|          2|    5|         10|
    |i_7_reg_742                                   |     9|          2|    5|         10|
    |i_reg_606                                     |     9|          2|   16|         32|
    |j24_0_lcssa_reg_660                           |     9|          2|   15|         30|
    |j_2_reg_764                                   |    14|          3|   15|         45|
    |j_fu_314                                      |    14|          3|   16|         48|
    |loop_index_reg_777                            |     9|          2|   15|         30|
    |my_assoc_mem_fill_2_fu_306                    |     9|          2|   32|         64|
    |my_assoc_mem_lower_key_mem_V_address0         |    20|          4|    9|         36|
    |my_assoc_mem_lower_key_mem_V_d0               |    14|          3|   72|        216|
    |my_assoc_mem_middle_key_mem_V_address0        |    20|          4|    9|         36|
    |my_assoc_mem_middle_key_mem_V_d0              |    14|          3|   72|        216|
    |my_assoc_mem_upper_key_mem_V_address0         |    20|          4|    9|         36|
    |my_assoc_mem_upper_key_mem_V_d0               |    14|          3|   72|        216|
    |my_assoc_mem_value_V_address0                 |    14|          3|    7|         21|
    |next_code_V_fu_318                            |     9|          2|   13|         26|
    |prefix_code_0_lcssa_reg_639                   |     9|          2|   13|         26|
    |prefix_code_V_1_fu_322                        |    20|          4|   13|         52|
    |residual_loop_index_reg_788                   |     9|          2|    1|          2|
    |retval_0_reg_800                              |     9|          2|   16|         32|
    |shift_0_lcssa_reg_648                         |     9|          2|    8|         16|
    |shift_5_reg_753                               |    14|          3|    8|         24|
    |shift_fu_310                                  |    20|          4|    8|         32|
    |store_array_address0                          |    43|          8|   12|         96|
    |store_array_address1                          |    43|          8|   12|         96|
    |store_array_d0                                |    26|          5|   16|         80|
    |store_array_d1                                |    26|          5|   16|         80|
    +----------------------------------------------+------+-----------+-----+-----------+
    |Total                                         |  2056|        403|  937|       3102|
    +----------------------------------------------+------+-----------+-----+-----------+

    * Register: 
    +-----------------------------------------------+-----+----+-----+-----------+
    |                      Name                     |  FF | LUT| Bits| Const Bits|
    +-----------------------------------------------+-----+----+-----+-----------+
    |add_ln117_reg_2606                             |   16|   0|   16|          0|
    |add_ln119_2_reg_2616                           |    2|   0|    2|          0|
    |add_ln119_3_reg_2646                           |    2|   0|    2|          0|
    |add_ln119_reg_2635                             |   16|   0|   16|          0|
    |add_ln287_reg_2906                             |   64|   0|   64|          0|
    |address_reg_695                                |    7|   0|    7|          0|
    |ap_CS_fsm                                      |  238|   0|  238|          0|
    |ap_done_reg                                    |    1|   0|    1|          0|
    |ap_enable_reg_pp6_iter0                        |    1|   0|    1|          0|
    |ap_enable_reg_pp6_iter1                        |    1|   0|    1|          0|
    |ap_enable_reg_pp6_iter10                       |    1|   0|    1|          0|
    |ap_enable_reg_pp6_iter11                       |    1|   0|    1|          0|
    |ap_enable_reg_pp6_iter12                       |    1|   0|    1|          0|
    |ap_enable_reg_pp6_iter13                       |    1|   0|    1|          0|
    |ap_enable_reg_pp6_iter14                       |    1|   0|    1|          0|
    |ap_enable_reg_pp6_iter15                       |    1|   0|    1|          0|
    |ap_enable_reg_pp6_iter16                       |    1|   0|    1|          0|
    |ap_enable_reg_pp6_iter17                       |    1|   0|    1|          0|
    |ap_enable_reg_pp6_iter18                       |    1|   0|    1|          0|
    |ap_enable_reg_pp6_iter19                       |    1|   0|    1|          0|
    |ap_enable_reg_pp6_iter2                        |    1|   0|    1|          0|
    |ap_enable_reg_pp6_iter20                       |    1|   0|    1|          0|
    |ap_enable_reg_pp6_iter21                       |    1|   0|    1|          0|
    |ap_enable_reg_pp6_iter22                       |    1|   0|    1|          0|
    |ap_enable_reg_pp6_iter23                       |    1|   0|    1|          0|
    |ap_enable_reg_pp6_iter24                       |    1|   0|    1|          0|
    |ap_enable_reg_pp6_iter25                       |    1|   0|    1|          0|
    |ap_enable_reg_pp6_iter26                       |    1|   0|    1|          0|
    |ap_enable_reg_pp6_iter27                       |    1|   0|    1|          0|
    |ap_enable_reg_pp6_iter28                       |    1|   0|    1|          0|
    |ap_enable_reg_pp6_iter29                       |    1|   0|    1|          0|
    |ap_enable_reg_pp6_iter3                        |    1|   0|    1|          0|
    |ap_enable_reg_pp6_iter30                       |    1|   0|    1|          0|
    |ap_enable_reg_pp6_iter31                       |    1|   0|    1|          0|
    |ap_enable_reg_pp6_iter32                       |    1|   0|    1|          0|
    |ap_enable_reg_pp6_iter33                       |    1|   0|    1|          0|
    |ap_enable_reg_pp6_iter34                       |    1|   0|    1|          0|
    |ap_enable_reg_pp6_iter35                       |    1|   0|    1|          0|
    |ap_enable_reg_pp6_iter36                       |    1|   0|    1|          0|
    |ap_enable_reg_pp6_iter37                       |    1|   0|    1|          0|
    |ap_enable_reg_pp6_iter38                       |    1|   0|    1|          0|
    |ap_enable_reg_pp6_iter39                       |    1|   0|    1|          0|
    |ap_enable_reg_pp6_iter4                        |    1|   0|    1|          0|
    |ap_enable_reg_pp6_iter40                       |    1|   0|    1|          0|
    |ap_enable_reg_pp6_iter41                       |    1|   0|    1|          0|
    |ap_enable_reg_pp6_iter42                       |    1|   0|    1|          0|
    |ap_enable_reg_pp6_iter43                       |    1|   0|    1|          0|
    |ap_enable_reg_pp6_iter44                       |    1|   0|    1|          0|
    |ap_enable_reg_pp6_iter45                       |    1|   0|    1|          0|
    |ap_enable_reg_pp6_iter46                       |    1|   0|    1|          0|
    |ap_enable_reg_pp6_iter47                       |    1|   0|    1|          0|
    |ap_enable_reg_pp6_iter48                       |    1|   0|    1|          0|
    |ap_enable_reg_pp6_iter49                       |    1|   0|    1|          0|
    |ap_enable_reg_pp6_iter5                        |    1|   0|    1|          0|
    |ap_enable_reg_pp6_iter50                       |    1|   0|    1|          0|
    |ap_enable_reg_pp6_iter51                       |    1|   0|    1|          0|
    |ap_enable_reg_pp6_iter52                       |    1|   0|    1|          0|
    |ap_enable_reg_pp6_iter53                       |    1|   0|    1|          0|
    |ap_enable_reg_pp6_iter54                       |    1|   0|    1|          0|
    |ap_enable_reg_pp6_iter55                       |    1|   0|    1|          0|
    |ap_enable_reg_pp6_iter56                       |    1|   0|    1|          0|
    |ap_enable_reg_pp6_iter57                       |    1|   0|    1|          0|
    |ap_enable_reg_pp6_iter58                       |    1|   0|    1|          0|
    |ap_enable_reg_pp6_iter59                       |    1|   0|    1|          0|
    |ap_enable_reg_pp6_iter6                        |    1|   0|    1|          0|
    |ap_enable_reg_pp6_iter60                       |    1|   0|    1|          0|
    |ap_enable_reg_pp6_iter61                       |    1|   0|    1|          0|
    |ap_enable_reg_pp6_iter62                       |    1|   0|    1|          0|
    |ap_enable_reg_pp6_iter63                       |    1|   0|    1|          0|
    |ap_enable_reg_pp6_iter64                       |    1|   0|    1|          0|
    |ap_enable_reg_pp6_iter65                       |    1|   0|    1|          0|
    |ap_enable_reg_pp6_iter66                       |    1|   0|    1|          0|
    |ap_enable_reg_pp6_iter67                       |    1|   0|    1|          0|
    |ap_enable_reg_pp6_iter68                       |    1|   0|    1|          0|
    |ap_enable_reg_pp6_iter69                       |    1|   0|    1|          0|
    |ap_enable_reg_pp6_iter7                        |    1|   0|    1|          0|
    |ap_enable_reg_pp6_iter70                       |    1|   0|    1|          0|
    |ap_enable_reg_pp6_iter8                        |    1|   0|    1|          0|
    |ap_enable_reg_pp6_iter9                        |    1|   0|    1|          0|
    |ap_enable_reg_pp7_iter0                        |    1|   0|    1|          0|
    |ap_enable_reg_pp7_iter1                        |    1|   0|    1|          0|
    |ap_enable_reg_pp7_iter10                       |    1|   0|    1|          0|
    |ap_enable_reg_pp7_iter11                       |    1|   0|    1|          0|
    |ap_enable_reg_pp7_iter12                       |    1|   0|    1|          0|
    |ap_enable_reg_pp7_iter13                       |    1|   0|    1|          0|
    |ap_enable_reg_pp7_iter14                       |    1|   0|    1|          0|
    |ap_enable_reg_pp7_iter15                       |    1|   0|    1|          0|
    |ap_enable_reg_pp7_iter16                       |    1|   0|    1|          0|
    |ap_enable_reg_pp7_iter17                       |    1|   0|    1|          0|
    |ap_enable_reg_pp7_iter18                       |    1|   0|    1|          0|
    |ap_enable_reg_pp7_iter19                       |    1|   0|    1|          0|
    |ap_enable_reg_pp7_iter2                        |    1|   0|    1|          0|
    |ap_enable_reg_pp7_iter20                       |    1|   0|    1|          0|
    |ap_enable_reg_pp7_iter21                       |    1|   0|    1|          0|
    |ap_enable_reg_pp7_iter22                       |    1|   0|    1|          0|
    |ap_enable_reg_pp7_iter23                       |    1|   0|    1|          0|
    |ap_enable_reg_pp7_iter24                       |    1|   0|    1|          0|
    |ap_enable_reg_pp7_iter25                       |    1|   0|    1|          0|
    |ap_enable_reg_pp7_iter26                       |    1|   0|    1|          0|
    |ap_enable_reg_pp7_iter27                       |    1|   0|    1|          0|
    |ap_enable_reg_pp7_iter28                       |    1|   0|    1|          0|
    |ap_enable_reg_pp7_iter29                       |    1|   0|    1|          0|
    |ap_enable_reg_pp7_iter3                        |    1|   0|    1|          0|
    |ap_enable_reg_pp7_iter30                       |    1|   0|    1|          0|
    |ap_enable_reg_pp7_iter31                       |    1|   0|    1|          0|
    |ap_enable_reg_pp7_iter32                       |    1|   0|    1|          0|
    |ap_enable_reg_pp7_iter33                       |    1|   0|    1|          0|
    |ap_enable_reg_pp7_iter34                       |    1|   0|    1|          0|
    |ap_enable_reg_pp7_iter35                       |    1|   0|    1|          0|
    |ap_enable_reg_pp7_iter36                       |    1|   0|    1|          0|
    |ap_enable_reg_pp7_iter37                       |    1|   0|    1|          0|
    |ap_enable_reg_pp7_iter38                       |    1|   0|    1|          0|
    |ap_enable_reg_pp7_iter39                       |    1|   0|    1|          0|
    |ap_enable_reg_pp7_iter4                        |    1|   0|    1|          0|
    |ap_enable_reg_pp7_iter40                       |    1|   0|    1|          0|
    |ap_enable_reg_pp7_iter41                       |    1|   0|    1|          0|
    |ap_enable_reg_pp7_iter42                       |    1|   0|    1|          0|
    |ap_enable_reg_pp7_iter43                       |    1|   0|    1|          0|
    |ap_enable_reg_pp7_iter44                       |    1|   0|    1|          0|
    |ap_enable_reg_pp7_iter45                       |    1|   0|    1|          0|
    |ap_enable_reg_pp7_iter46                       |    1|   0|    1|          0|
    |ap_enable_reg_pp7_iter47                       |    1|   0|    1|          0|
    |ap_enable_reg_pp7_iter48                       |    1|   0|    1|          0|
    |ap_enable_reg_pp7_iter49                       |    1|   0|    1|          0|
    |ap_enable_reg_pp7_iter5                        |    1|   0|    1|          0|
    |ap_enable_reg_pp7_iter50                       |    1|   0|    1|          0|
    |ap_enable_reg_pp7_iter51                       |    1|   0|    1|          0|
    |ap_enable_reg_pp7_iter52                       |    1|   0|    1|          0|
    |ap_enable_reg_pp7_iter53                       |    1|   0|    1|          0|
    |ap_enable_reg_pp7_iter54                       |    1|   0|    1|          0|
    |ap_enable_reg_pp7_iter55                       |    1|   0|    1|          0|
    |ap_enable_reg_pp7_iter56                       |    1|   0|    1|          0|
    |ap_enable_reg_pp7_iter57                       |    1|   0|    1|          0|
    |ap_enable_reg_pp7_iter58                       |    1|   0|    1|          0|
    |ap_enable_reg_pp7_iter59                       |    1|   0|    1|          0|
    |ap_enable_reg_pp7_iter6                        |    1|   0|    1|          0|
    |ap_enable_reg_pp7_iter60                       |    1|   0|    1|          0|
    |ap_enable_reg_pp7_iter61                       |    1|   0|    1|          0|
    |ap_enable_reg_pp7_iter62                       |    1|   0|    1|          0|
    |ap_enable_reg_pp7_iter63                       |    1|   0|    1|          0|
    |ap_enable_reg_pp7_iter64                       |    1|   0|    1|          0|
    |ap_enable_reg_pp7_iter65                       |    1|   0|    1|          0|
    |ap_enable_reg_pp7_iter66                       |    1|   0|    1|          0|
    |ap_enable_reg_pp7_iter67                       |    1|   0|    1|          0|
    |ap_enable_reg_pp7_iter68                       |    1|   0|    1|          0|
    |ap_enable_reg_pp7_iter69                       |    1|   0|    1|          0|
    |ap_enable_reg_pp7_iter7                        |    1|   0|    1|          0|
    |ap_enable_reg_pp7_iter70                       |    1|   0|    1|          0|
    |ap_enable_reg_pp7_iter8                        |    1|   0|    1|          0|
    |ap_enable_reg_pp7_iter9                        |    1|   0|    1|          0|
    |ap_rst_n_inv                                   |    1|   0|    1|          0|
    |ap_rst_reg_1                                   |    1|   0|    1|          0|
    |ap_rst_reg_2                                   |    1|   0|    1|          0|
    |code_V_1_reg_2757                              |   13|   0|   13|          0|
    |code_V_fu_302                                  |   13|   0|   13|          0|
    |compressed_length_2_reg_2876                   |   16|   0|   16|          0|
    |empty_117_reg_2923                             |   13|   0|   13|          0|
    |empty_120_reg_2963                             |    1|   0|    1|          0|
    |empty_121_reg_2968                             |    2|   0|    2|          0|
    |empty_122_reg_2942                             |    1|   0|    1|          0|
    |empty_125_reg_2953                             |    4|   0|    4|          0|
    |empty_126_reg_2958                             |   32|   0|   32|          0|
    |empty_136_reg_2993                             |    4|   0|    4|          0|
    |empty_137_reg_2998                             |   32|   0|   32|          0|
    |empty_140_reg_2988                             |    1|   0|    1|          0|
    |exitcond18_reg_2933                            |    1|   0|    1|          0|
    |exitcondtmp_reg_2973                           |    1|   0|    1|          0|
    |gmem_addr_1_read_reg_2690                      |   32|   0|   32|          0|
    |gmem_addr_1_reg_2640                           |   64|   0|   64|          0|
    |gmem_addr_3_reg_2947                           |   64|   0|   64|          0|
    |gmem_addr_4_reg_2982                           |   64|   0|   64|          0|
    |hashed_14_reg_730                              |   32|   0|   32|          0|
    |hashed_2_reg_672                               |   32|   0|   32|          0|
    |hashed_8_reg_707                               |   32|   0|   32|          0|
    |hit_reg_2753                                   |    1|   0|    1|          0|
    |i_1_reg_617                                    |   10|   0|   10|          0|
    |i_2_reg_628                                    |   16|   0|   16|          0|
    |i_3_reg_684                                    |    5|   0|    5|          0|
    |i_5_reg_719                                    |    5|   0|    5|          0|
    |i_7_reg_742                                    |    5|   0|    5|          0|
    |i_reg_606                                      |   16|   0|   16|          0|
    |icmp_ln117_reg_2553                            |    1|   0|    1|          0|
    |icmp_ln151_reg_2797                            |    1|   0|    1|          0|
    |icmp_ln223_reg_2852                            |    1|   0|    1|          0|
    |icmp_ln228_reg_2856                            |    1|   0|    1|          0|
    |icmp_ln255_reg_2656                            |    1|   0|    1|          0|
    |icmp_ln260_reg_2670                            |    1|   0|    1|          0|
    |j24_0_lcssa_reg_660                            |   15|   0|   15|          0|
    |j_2_reg_764                                    |   15|   0|   15|          0|
    |j_fu_314                                       |   16|   0|   16|          0|
    |key_V_reg_2722                                 |   21|   0|   21|          0|
    |loop_index_reg_777                             |   15|   0|   15|          0|
    |match_high_V_reg_2777                          |   72|   0|   72|          0|
    |match_low_V_reg_2787                           |   72|   0|   72|          0|
    |match_middle_V_reg_2782                        |   72|   0|   72|          0|
    |my_assoc_mem_fill_2_fu_306                     |   32|   0|   32|          0|
    |my_assoc_mem_lower_key_mem_V_addr_1_reg_2772   |    9|   0|    9|          0|
    |my_assoc_mem_middle_key_mem_V_addr_1_reg_2767  |    9|   0|    9|          0|
    |my_assoc_mem_upper_key_mem_V_addr_1_reg_2762   |    3|   0|    9|          6|
    |next_char_reg_2701                             |    8|   0|    8|          0|
    |next_code_V_fu_318                             |   13|   0|   13|          0|
    |prefix_code_0_lcssa_reg_639                    |   13|   0|   13|          0|
    |prefix_code_V_1_fu_322                         |   13|   0|   13|          0|
    |prefix_code_V_2_reg_2626                       |   13|   0|   13|          0|
    |prefix_code_V_reg_2543                         |    8|   0|    8|          0|
    |residual_loop_index_reg_788                    |    1|   0|    1|          0|
    |ret_2_reg_2730                                 |    9|   0|    9|          0|
    |ret_reg_2792                                   |   72|   0|   72|          0|
    |retval_0_reg_800                               |   16|   0|   16|          0|
    |shift_0_lcssa_reg_648                          |    8|   0|    8|          0|
    |shift_10_reg_2866                              |    4|   0|    4|          0|
    |shift_2_reg_2621                               |    8|   0|    8|          0|
    |shift_5_reg_753                                |    8|   0|    8|          0|
    |shift_fu_310                                   |    8|   0|    8|          0|
    |store_array_addr_3_reg_2680                    |   12|   0|   12|          0|
    |store_array_addr_4_reg_2674                    |   12|   0|   12|          0|
    |store_array_addr_8_reg_2871                    |   12|   0|   12|          0|
    |store_array_addr_9_reg_2860                    |   12|   0|   12|          0|
    |sub_ln287_cast28_reg_2918                      |   64|   0|   64|          0|
    |sub_ln287_reg_2912                             |   17|   0|   17|          0|
    |trunc_ln117_reg_2695                           |    4|   0|    4|          0|
    |trunc_ln255_reg_2651                           |    4|   0|    4|          0|
    |trunc_ln287_1_reg_2889                         |    1|   0|    1|          0|
    |trunc_ln287_2_reg_2895                         |   15|   0|   15|          0|
    |trunc_ln287_reg_2900                           |    2|   0|    2|          0|
    |valid_1_reg_2832                               |    1|   0|    1|          0|
    |zext_ln255_reg_2665                            |   13|   0|   14|          1|
    |zext_ln302_1_reg_2717                          |   13|   0|   16|          3|
    |zext_ln302_reg_2712                            |   13|   0|   14|          1|
    |zext_ln546_1_reg_2660                          |   13|   0|   32|         19|
    |zext_ln546_reg_2707                            |   13|   0|   32|         19|
    |exitcond18_reg_2933                            |   64|  32|    1|          0|
    |exitcondtmp_reg_2973                           |   64|  32|    1|          0|
    +-----------------------------------------------+-----+----+-----+-----------+
    |Total                                          | 1911|  64| 1834|         49|
    +-----------------------------------------------+-----+----+-----+-----------+



================================================================
== Interface
================================================================
* Summary: 
+-----------------------+-----+-----+---------------+--------------------+--------------+
|       RTL Ports       | Dir | Bits|    Protocol   |    Source Object   |    C Type    |
+-----------------------+-----+-----+---------------+--------------------+--------------+
|s_axi_control_AWVALID  |   in|    1|          s_axi|             control|        scalar|
|s_axi_control_AWREADY  |  out|    1|          s_axi|             control|        scalar|
|s_axi_control_AWADDR   |   in|    6|          s_axi|             control|        scalar|
|s_axi_control_WVALID   |   in|    1|          s_axi|             control|        scalar|
|s_axi_control_WREADY   |  out|    1|          s_axi|             control|        scalar|
|s_axi_control_WDATA    |   in|   32|          s_axi|             control|        scalar|
|s_axi_control_WSTRB    |   in|    4|          s_axi|             control|        scalar|
|s_axi_control_ARVALID  |   in|    1|          s_axi|             control|        scalar|
|s_axi_control_ARREADY  |  out|    1|          s_axi|             control|        scalar|
|s_axi_control_ARADDR   |   in|    6|          s_axi|             control|        scalar|
|s_axi_control_RVALID   |  out|    1|          s_axi|             control|        scalar|
|s_axi_control_RREADY   |   in|    1|          s_axi|             control|        scalar|
|s_axi_control_RDATA    |  out|   32|          s_axi|             control|        scalar|
|s_axi_control_RRESP    |  out|    2|          s_axi|             control|        scalar|
|s_axi_control_BVALID   |  out|    1|          s_axi|             control|        scalar|
|s_axi_control_BREADY   |   in|    1|          s_axi|             control|        scalar|
|s_axi_control_BRESP    |  out|    2|          s_axi|             control|        scalar|
|ap_clk                 |   in|    1|  ap_ctrl_chain|  LZW_hybrid_hash_HW|  return value|
|ap_rst_n               |   in|    1|  ap_ctrl_chain|  LZW_hybrid_hash_HW|  return value|
|interrupt              |  out|    1|  ap_ctrl_chain|  LZW_hybrid_hash_HW|  return value|
|m_axi_gmem_AWVALID     |  out|    1|          m_axi|                gmem|       pointer|
|m_axi_gmem_AWREADY     |   in|    1|          m_axi|                gmem|       pointer|
|m_axi_gmem_AWADDR      |  out|   64|          m_axi|                gmem|       pointer|
|m_axi_gmem_AWID        |  out|    1|          m_axi|                gmem|       pointer|
|m_axi_gmem_AWLEN       |  out|    8|          m_axi|                gmem|       pointer|
|m_axi_gmem_AWSIZE      |  out|    3|          m_axi|                gmem|       pointer|
|m_axi_gmem_AWBURST     |  out|    2|          m_axi|                gmem|       pointer|
|m_axi_gmem_AWLOCK      |  out|    2|          m_axi|                gmem|       pointer|
|m_axi_gmem_AWCACHE     |  out|    4|          m_axi|                gmem|       pointer|
|m_axi_gmem_AWPROT      |  out|    3|          m_axi|                gmem|       pointer|
|m_axi_gmem_AWQOS       |  out|    4|          m_axi|                gmem|       pointer|
|m_axi_gmem_AWREGION    |  out|    4|          m_axi|                gmem|       pointer|
|m_axi_gmem_AWUSER      |  out|    1|          m_axi|                gmem|       pointer|
|m_axi_gmem_WVALID      |  out|    1|          m_axi|                gmem|       pointer|
|m_axi_gmem_WREADY      |   in|    1|          m_axi|                gmem|       pointer|
|m_axi_gmem_WDATA       |  out|   32|          m_axi|                gmem|       pointer|
|m_axi_gmem_WSTRB       |  out|    4|          m_axi|                gmem|       pointer|
|m_axi_gmem_WLAST       |  out|    1|          m_axi|                gmem|       pointer|
|m_axi_gmem_WID         |  out|    1|          m_axi|                gmem|       pointer|
|m_axi_gmem_WUSER       |  out|    1|          m_axi|                gmem|       pointer|
|m_axi_gmem_ARVALID     |  out|    1|          m_axi|                gmem|       pointer|
|m_axi_gmem_ARREADY     |   in|    1|          m_axi|                gmem|       pointer|
|m_axi_gmem_ARADDR      |  out|   64|          m_axi|                gmem|       pointer|
|m_axi_gmem_ARID        |  out|    1|          m_axi|                gmem|       pointer|
|m_axi_gmem_ARLEN       |  out|    8|          m_axi|                gmem|       pointer|
|m_axi_gmem_ARSIZE      |  out|    3|          m_axi|                gmem|       pointer|
|m_axi_gmem_ARBURST     |  out|    2|          m_axi|                gmem|       pointer|
|m_axi_gmem_ARLOCK      |  out|    2|          m_axi|                gmem|       pointer|
|m_axi_gmem_ARCACHE     |  out|    4|          m_axi|                gmem|       pointer|
|m_axi_gmem_ARPROT      |  out|    3|          m_axi|                gmem|       pointer|
|m_axi_gmem_ARQOS       |  out|    4|          m_axi|                gmem|       pointer|
|m_axi_gmem_ARREGION    |  out|    4|          m_axi|                gmem|       pointer|
|m_axi_gmem_ARUSER      |  out|    1|          m_axi|                gmem|       pointer|
|m_axi_gmem_RVALID      |   in|    1|          m_axi|                gmem|       pointer|
|m_axi_gmem_RREADY      |  out|    1|          m_axi|                gmem|       pointer|
|m_axi_gmem_RDATA       |   in|   32|          m_axi|                gmem|       pointer|
|m_axi_gmem_RLAST       |   in|    1|          m_axi|                gmem|       pointer|
|m_axi_gmem_RID         |   in|    1|          m_axi|                gmem|       pointer|
|m_axi_gmem_RUSER       |   in|    1|          m_axi|                gmem|       pointer|
|m_axi_gmem_RRESP       |   in|    2|          m_axi|                gmem|       pointer|
|m_axi_gmem_BVALID      |   in|    1|          m_axi|                gmem|       pointer|
|m_axi_gmem_BREADY      |  out|    1|          m_axi|                gmem|       pointer|
|m_axi_gmem_BRESP       |   in|    2|          m_axi|                gmem|       pointer|
|m_axi_gmem_BID         |   in|    1|          m_axi|                gmem|       pointer|
|m_axi_gmem_BUSER       |   in|    1|          m_axi|                gmem|       pointer|
+-----------------------+-----+-----+---------------+--------------------+--------------+

