

================================================================
== Synthesis Summary Report of 'krnl_LZW'
================================================================
+ General Information: 
    * Date:           Fri Dec  8 11:43:58 2023
    * Version:        2020.2 (Build 3064766 on Wed Nov 18 09:12:47 MST 2020)
    * Project:        Final_Optimization
    * Solution:       solution1 (Vitis Kernel Flow Target)
    * Product family: zynquplus
    * Target device:  xczu3eg-sbva484-1-i
    

+ Performance & Resource Estimates: 
    
    PS: '+' for module; 'o' for loop; '*' for dataflow
    +-----------------------------------------------------------------+--------+-------+---------+-----------+----------+---------+-------+----------+----------+----+-----------+-------------+-----+
    |                             Modules                             |  Issue |       | Latency |  Latency  | Iteration|         |  Trip |          |          |    |           |             |     |
    |                             & Loops                             |  Type  | Slack | (cycles)|    (ns)   |  Latency | Interval| Count | Pipelined|   BRAM   | DSP|     FF    |     LUT     | URAM|
    +-----------------------------------------------------------------+--------+-------+---------+-----------+----------+---------+-------+----------+----------+----+-----------+-------------+-----+
    |+ krnl_LZW                                                       |  Timing|   0.00|        -|          -|         -|        -|      -|        no|  84 (19%)|   -|  5723 (4%)|  19089 (27%)|    -|
    | + grp_dataflow_parent_loop_proc_fu_183                          |  Timing|   0.00|        -|          -|         -|        -|      -|        no|  80 (18%)|   -|  4176 (2%)|  16976 (24%)|    -|
    |  + grp_dataflow_in_loop_VITIS_LOOP_346_2_fu_100*                |  Timing|   0.00|        -|          -|         -|        -|      -|  dataflow|  80 (18%)|   -|  4040 (2%)|  16928 (23%)|    -|
    |   + grp_compute_LZW_fu_156                                      |       -|  -1.15|  9666524|  6.445e+07|         -|  9666524|      -|        no|  76 (17%)|   -|  934 (~0%)|  11943 (16%)|    -|
    |    o VITIS_LOOP_72_1                                            |       -|  -4.87|    32768|  2.185e+05|         1|        1|  32768|       yes|         -|   -|          -|            -|    -|
    |    o VITIS_LOOP_99_4                                            |       -|  -4.87|  9633498|  6.423e+07|       147|        -|  65534|        no|         -|   -|          -|            -|    -|
    |     o VITIS_LOOP_11_1                                           |       -|  -4.87|       21|    140.007|         1|        1|     21|       yes|         -|   -|          -|            -|    -|
    |     o VITIS_LOOP_135_6                                          |       -|  -4.87|       72|    480.024|         1|        1|     72|       yes|         -|   -|          -|            -|    -|
    |     o VITIS_LOOP_11_1                                           |       -|  -4.87|       21|    140.007|         1|        1|     21|       yes|         -|   -|          -|            -|    -|
    |     o VITIS_LOOP_11_1                                           |       -|  -4.87|       21|    140.007|         1|        1|     21|       yes|         -|   -|          -|            -|    -|
    |   + grp_write_result_fu_167                                     |  Timing|   0.00|        -|          -|         -|        -|      -|        no|   4 (~0%)|   -|  1521 (1%)|    3457 (4%)|    -|
    |    o VITIS_LOOP_244_1                                           |      II|  -4.87|        -|          -|         2|        2|      -|       yes|         -|   -|          -|            -|    -|
    |    o Loop 2                                                     |       -|  -4.87|       71|    473.357|        71|        1|      2|       yes|         -|   -|          -|            -|    -|
    |    o Loop 3                                                     |       -|  -4.87|    32836|  2.189e+05|        71|        1|  32767|       yes|         -|   -|          -|            -|    -|
    |    o Loop 4                                                     |       -|  -4.87|       70|    466.690|        71|        1|      1|       yes|         -|   -|          -|            -|    -|
    |   + grp_read_input_fu_183                                       |  Timing|   0.00|    65608|  4.374e+05|         -|    65608|      -|        no|         -|   -|  469 (~0%)|    563 (~0%)|    -|
    |    o mem_rd                                                     |       -|  -4.87|    65606|  4.374e+05|        73|        1|  65535|       yes|         -|   -|          -|            -|    -|
    |   + call_ln0_dataflow_in_loop_VITIS_LOOP_346_2_entry3_fu_195    |       -|  -2.70|        0|      0.000|         -|        0|      -|        no|         -|   -|    3 (~0%)|     56 (~0%)|    -|
    |   + call_ln353_dataflow_in_loop_VITIS_LOOP_346_2_entry6_fu_211  |       -|  -0.53|        0|      0.000|         -|        0|      -|        no|         -|   -|    2 (~0%)|     83 (~0%)|    -|
    |   + call_ln145_Block_entry_proc_proc_fu_223                     |       -|  -2.70|        0|      0.000|         -|        0|      -|        no|         -|   -|   18 (~0%)|     29 (~0%)|    -|
    |  o VITIS_LOOP_346_2                                             |       -|  -4.87|        -|          -|         -|        -|      -|        no|         -|   -|          -|            -|    -|
    | o VITIS_LOOP_336_1                                              |       -|  -4.87|        4|     26.668|         2|        1|      4|       yes|         -|   -|          -|            -|    -|
    +-----------------------------------------------------------------+--------+-------+---------+-----------+----------+---------+-------+----------+----------+----+-----------+-------------+-----+

