#-----------------------------------------------------------
# Webtalk v2020.2 (64-bit)
# SW Build 3064766 on Wed Nov 18 09:12:47 MST 2020
# IP Build 3064653 on Wed Nov 18 14:17:31 MST 2020
# Start of session at: Fri Dec  1 15:18:25 2023
# Process ID: 22690
# Current directory: /mnt/castor/seas_home/c/chihan/chihan/ese532_project/project/Server_LZW_test/LZW_HW/solution1/sim/verilog
# Command line: wbtcv -mode batch -source /mnt/castor/seas_home/c/chihan/chihan/ese532_project/project/Server_LZW_test/LZW_HW/solution1/sim/verilog/xsim.dir/LZW_hybrid_hash_HW/webtalk/xsim_webtalk.tcl -notrace
# Log file: /mnt/castor/seas_home/c/chihan/chihan/ese532_project/project/Server_LZW_test/LZW_HW/solution1/sim/verilog/webtalk.log
# Journal file: /mnt/castor/seas_home/c/chihan/chihan/ese532_project/project/Server_LZW_test/LZW_HW/solution1/sim/verilog/webtalk.jou
#-----------------------------------------------------------
source /mnt/castor/seas_home/c/chihan/chihan/ese532_project/project/Server_LZW_test/LZW_HW/solution1/sim/verilog/xsim.dir/LZW_hybrid_hash_HW/webtalk/xsim_webtalk.tcl -notrace
