

================================================================
== Vitis HLS Report for 'krnl_LZW'
================================================================
* Date:           Sat Dec  9 23:40:29 2023

* Version:        2020.2 (Build 3064766 on Wed Nov 18 09:12:47 MST 2020)
* Project:        Demo_kernel
* Solution:       solution1 (Vitis Kernel Flow Target)
* Product family: zynquplus
* Target device:  xczu3eg-sbva484-1-i


================================================================
== Performance Estimates
================================================================
+ Timing: 
    * Summary: 
    +--------+---------+----------+------------+
    |  Clock |  Target | Estimated| Uncertainty|
    +--------+---------+----------+------------+
    |ap_clk  |  6.67 ns|  4.867 ns|     1.80 ns|
    +--------+---------+----------+------------+

+ Latency: 
    * Summary: 
    +---------+---------+----------+----------+-----+-----+---------+
    |  Latency (cycles) |  Latency (absolute) |  Interval | Pipeline|
    |   min   |   max   |    min   |    max   | min | max |   Type  |
    +---------+---------+----------+----------+-----+-----+---------+
    |        ?|        ?|         ?|         ?|    ?|    ?|     none|
    +---------+---------+----------+----------+-----+-----+---------+

    + Detail: 
        * Instance: 
        N/A

        * Loop: 
        +-----------------------+---------+---------+----------+-----------+-----------+-----------+----------+
        |                       |  Latency (cycles) | Iteration|  Initiation Interval  |    Trip   |          |
        |       Loop Name       |   min   |   max   |  Latency |  achieved |   target  |   Count   | Pipelined|
        +-----------------------+---------+---------+----------+-----------+-----------+-----------+----------+
        |- VITIS_LOOP_65_1      |       51|       51|         3|          1|          1|         50|       yes|
        |- VITIS_LOOP_71_2      |        ?|        ?|         ?|          -|          -|          ?|        no|
        | + VITIS_LOOP_84_3     |    32768|    32768|         1|          1|          1|      32768|       yes|
        | + VITIS_LOOP_92_5     |      512|      512|         1|          1|          1|        512|       yes|
        | + VITIS_LOOP_124_7    |        ?|        ?|  98 ~ 364|          -|          -|          ?|        no|
        |  ++ VITIS_LOOP_7_1    |       21|       21|         1|          1|          1|         21|       yes|
        |  ++ VITIS_LOOP_159_9  |        1|      216|         1|          1|          1|    1 ~ 216|       yes|
        |  ++ VITIS_LOOP_7_1    |       21|       21|         1|          1|          1|         21|       yes|
        |  ++ VITIS_LOOP_7_1    |       21|       21|         1|          1|          1|         21|       yes|
        | + VITIS_LOOP_71_2.4   |       71|       71|        71|          1|          1|          2|       yes|
        | + VITIS_LOOP_71_2.5   |        0|    32836|        71|          1|          1|  0 ~ 32767|       yes|
        | + VITIS_LOOP_71_2.6   |        0|       70|        71|          1|          1|      0 ~ 1|       yes|
        +-----------------------+---------+---------+----------+-----------+-----------+-----------+----------+



================================================================
== Utilization Estimates
================================================================
* Summary: 
+-----------------+---------+-----+--------+-------+-----+
|       Name      | BRAM_18K| DSP |   FF   |  LUT  | URAM|
+-----------------+---------+-----+--------+-------+-----+
|DSP              |        -|    -|       -|      -|    -|
|Expression       |        -|    -|       0|   6549|    -|
|FIFO             |        -|    -|       -|      -|    -|
|Instance         |        2|    -|     828|   1132|    -|
|Memory           |       87|    -|       0|      0|    -|
|Multiplexer      |        -|    -|       -|   4350|    -|
|Register         |        -|    -|    3828|     96|    -|
+-----------------+---------+-----+--------+-------+-----+
|Total            |       89|    0|    4656|  12127|    0|
+-----------------+---------+-----+--------+-------+-----+
|Available        |      432|  360|  141120|  70560|    0|
+-----------------+---------+-----+--------+-------+-----+
|Utilization (%)  |       20|    0|       3|     17|    0|
+-----------------+---------+-----+--------+-------+-----+

+ Detail: 
    * Instance: 
    +-----------------+---------------+---------+----+-----+-----+-----+
    |     Instance    |     Module    | BRAM_18K| DSP|  FF | LUT | URAM|
    +-----------------+---------------+---------+----+-----+-----+-----+
    |control_s_axi_U  |control_s_axi  |        0|   0|  316|  552|    0|
    |gmem_m_axi_U     |gmem_m_axi     |        2|   0|  512|  580|    0|
    +-----------------+---------------+---------+----+-----+-----+-----+
    |Total            |               |        2|   0|  828| 1132|    0|
    +-----------------+---------------+---------+----+-----+-----+-----+

    * DSP: 
    N/A

    * Memory: 
    +---------------------------------+------------------------------+---------+---+----+-----+-------+-----+------+-------------+
    |              Memory             |            Module            | BRAM_18K| FF| LUT| URAM| Words | Bits| Banks| W*Bits*Banks|
    +---------------------------------+------------------------------+---------+---+----+-----+-------+-----+------+-------------+
    |hash_table_V_0_U                 |hash_table_V_0                |       64|  0|   0|    0|  32768|   35|     1|      1146880|
    |my_assoc_mem_upper_key_mem_V_U   |my_assoc_mem_upper_key_mem_V  |        6|  0|   0|    0|    512|  216|     1|       110592|
    |my_assoc_mem_middle_key_mem_V_U  |my_assoc_mem_upper_key_mem_V  |        6|  0|   0|    0|    512|  216|     1|       110592|
    |my_assoc_mem_lower_key_mem_V_U   |my_assoc_mem_upper_key_mem_V  |        6|  0|   0|    0|    512|  216|     1|       110592|
    |my_assoc_mem_value_V_U           |my_assoc_mem_value_V          |        1|  0|   0|    0|    216|   13|     1|         2808|
    |store_array_U                    |store_array                   |        4|  0|   0|    0|   4096|   16|     1|        65536|
    +---------------------------------+------------------------------+---------+---+----+-----+-------+-----+------+-------------+
    |Total                            |                              |       87|  0|   0|    0|  38616|  712|     6|      1547000|
    +---------------------------------+------------------------------+---------+---+----+-----+-------+-----+------+-------------+

    * FIFO: 
    N/A

    * Expression: 
    +-------------------------------------+----------+----+---+-----+------------+------------+
    |            Variable Name            | Operation| DSP| FF| LUT | Bitwidth P0| Bitwidth P1|
    +-------------------------------------+----------+----+---+-----+------------+------------+
    |add_ln107_1_fu_3330_p2               |         +|   0|  0|    9|           2|           2|
    |add_ln107_fu_3305_p2                 |         +|   0|  0|   71|          64|          64|
    |add_ln126_1_fu_3400_p2               |         +|   0|  0|   71|          64|          64|
    |add_ln126_2_fu_3371_p2               |         +|   0|  0|    9|           2|           1|
    |add_ln126_3_fu_3425_p2               |         +|   0|  0|    9|           2|           2|
    |add_ln126_fu_3376_p2                 |         +|   0|  0|   39|          32|           1|
    |add_ln250_fu_4130_p2                 |         +|   0|  0|   19|          12|           2|
    |add_ln282_fu_3455_p2                 |         +|   0|  0|   19|          12|           2|
    |add_ln303_1_fu_4973_p2               |         +|   0|  0|   71|          64|          64|
    |add_ln303_fu_5023_p2                 |         +|   0|  0|   24|          17|           3|
    |add_ln305_fu_4998_p2                 |         +|   0|  0|   24|          17|           3|
    |add_ln5_1_fu_3910_p2                 |         +|   0|  0|   22|          15|          15|
    |add_ln5_2_fu_4093_p2                 |         +|   0|  0|   22|          15|          15|
    |add_ln5_fu_3662_p2                   |         +|   0|  0|   22|          15|          15|
    |add_ln65_fu_3098_p2                  |         +|   0|  0|   13|           6|           1|
    |add_ln67_fu_3139_p2                  |         +|   0|  0|   15|           8|           1|
    |add_ln71_fu_3166_p2                  |         +|   0|  0|   39|          32|           1|
    |add_ln73_1_fu_3226_p2                |         +|   0|  0|    9|           2|           2|
    |add_ln73_fu_3189_p2                  |         +|   0|  0|   71|          64|          64|
    |add_ln84_fu_3243_p2                  |         +|   0|  0|   23|          16|           1|
    |add_ln92_fu_3260_p2                  |         +|   0|  0|   17|          10|           1|
    |add_ptr324_sum2_fu_4529_p2           |         +|   0|  0|   40|          33|          33|
    |address_1_fu_3768_p2                 |         +|   0|  0|   15|           8|           1|
    |compressed_length_fu_4453_p2         |         +|   0|  0|   23|          16|           2|
    |empty_59_fu_4509_p2                  |         +|   0|  0|    9|           2|           1|
    |empty_65_fu_4550_p2                  |         +|   0|  0|   71|          64|          64|
    |empty_66_fu_4606_p2                  |         +|   0|  0|    9|           2|           2|
    |empty_73_fu_4702_p2                  |         +|   0|  0|   71|          64|          64|
    |empty_74_fu_4707_p2                  |         +|   0|  0|    9|           2|           2|
    |empty_75_fu_4712_p2                  |         +|   0|  0|   22|          15|           1|
    |empty_80_fu_4744_p2                  |         +|   0|  0|   71|          64|          64|
    |empty_81_fu_4780_p2                  |         +|   0|  0|    9|           2|           2|
    |empty_87_fu_4832_p2                  |         +|   0|  0|   20|          13|          13|
    |empty_91_fu_4857_p2                  |         +|   0|  0|    2|          64|          64|
    |empty_92_fu_4928_p2                  |         +|   0|  0|    2|           2|           2|
    |grp_fu_3053_p2                       |         +|   0|  0|   12|           4|           2|
    |grp_fu_3066_p2                       |         +|   0|  0|   15|           8|           5|
    |hashed_10_fu_3846_p2                 |         +|   0|  0|   39|          32|          32|
    |hashed_12_fu_4087_p2                 |         +|   0|  0|   33|          26|          26|
    |hashed_15_fu_4005_p2                 |         +|   0|  0|   39|          32|          32|
    |hashed_16_fu_4017_p2                 |         +|   0|  0|   39|          32|          32|
    |hashed_3_fu_3586_p2                  |         +|   0|  0|   39|          32|          32|
    |hashed_4_fu_3598_p2                  |         +|   0|  0|   39|          32|          32|
    |hashed_6_fu_3904_p2                  |         +|   0|  0|   33|          26|          26|
    |hashed_9_fu_3834_p2                  |         +|   0|  0|   39|          32|          32|
    |hashed_fu_3656_p2                    |         +|   0|  0|   33|          26|          26|
    |i_5_fu_3557_p2                       |         +|   0|  0|   12|           5|           1|
    |i_7_fu_3805_p2                       |         +|   0|  0|   12|           5|           1|
    |i_9_fu_3976_p2                       |         +|   0|  0|   12|           5|           1|
    |input_offset_1_fu_3295_p2            |         +|   0|  0|   39|          32|          32|
    |j_1_fu_4325_p2                       |         +|   0|  0|   22|          15|           2|
    |j_3_fu_4265_p2                       |         +|   0|  0|   23|          16|           1|
    |my_assoc_mem_fill_fu_4166_p2         |         +|   0|  0|   39|          32|           1|
    |next_code_V_1_fu_4272_p2             |         +|   0|  0|   20|          13|           1|
    |output_offset_1_fu_5017_p2           |         +|   0|  0|   39|          32|          32|
    |shift_1_fu_4402_p2                   |         +|   0|  0|   15|           8|           2|
    |sub_fu_3361_p2                       |         +|   0|  0|   24|          17|           2|
    |tmp4_fu_4692_p2                      |         +|   0|  0|   41|          34|           3|
    |tmp5_fu_4852_p2                      |         +|   0|  0|    2|          64|          64|
    |tmp6_fu_4923_p2                      |         +|   0|  0|    2|           2|           2|
    |grp_fu_3073_p2                       |         -|   0|  0|   12|           3|           4|
    |shift_11_fu_4229_p2                  |         -|   0|  0|   13|           6|           5|
    |shift_7_fu_4392_p2                   |         -|   0|  0|   13|           6|           5|
    |sub_ln299_fu_4655_p2                 |         -|   0|  0|   24|          17|          17|
    |and_ln612_1_fu_3756_p2               |       and|   0|  0|  215|         216|         216|
    |and_ln612_2_fu_3784_p2               |       and|   0|  0|  215|         216|         216|
    |and_ln612_fu_3789_p2                 |       and|   0|  0|  215|         216|         216|
    |ap_block_pp0_stage0_11001            |       and|   0|  0|    2|           1|           1|
    |ap_block_pp7_stage0_01001            |       and|   0|  0|    2|           1|           1|
    |ap_block_pp8_stage0_01001            |       and|   0|  0|    2|           1|           1|
    |ap_block_pp9_stage0_01001            |       and|   0|  0|    2|           1|           1|
    |ap_block_state352_io                 |       and|   0|  0|    2|           1|           1|
    |ap_block_state353_io                 |       and|   0|  0|    2|           1|           1|
    |ap_block_state421_pp7_stage0_iter70  |       and|   0|  0|    2|           1|           1|
    |ap_block_state424_io                 |       and|   0|  0|    2|           1|           1|
    |ap_block_state425_io                 |       and|   0|  0|    2|           1|           1|
    |ap_block_state493_pp8_stage0_iter70  |       and|   0|  0|    2|           1|           1|
    |ap_block_state496_io                 |       and|   0|  0|    2|           1|           1|
    |ap_block_state497_io                 |       and|   0|  0|    2|           1|           1|
    |ap_block_state565_pp9_stage0_iter70  |       and|   0|  0|    2|           1|           1|
    |ap_block_state73_pp0_stage0_iter1    |       and|   0|  0|    2|           1|           1|
    |ap_condition_7635                    |       and|   0|  0|    2|           1|           1|
    |ap_predicate_op743_read_state73      |       and|   0|  0|    2|           1|           1|
    |hit_fu_3698_p2                       |       and|   0|  0|    2|           1|           1|
    |exitcond25_fu_4515_p2                |      icmp|   0|  0|    8|           2|           3|
    |exitcond26_fu_4718_p2                |      icmp|   0|  0|   12|          15|          15|
    |grp_fu_3046_p2                       |      icmp|   0|  0|   11|           8|           4|
    |icmp_ln124_fu_3387_p2                |      icmp|   0|  0|   20|          32|          32|
    |icmp_ln159_fu_3762_p2                |      icmp|   0|  0|   11|           8|           7|
    |icmp_ln210_fu_3937_p2                |      icmp|   0|  0|   20|          32|           8|
    |icmp_ln235_fu_4124_p2                |      icmp|   0|  0|   13|          16|           1|
    |icmp_ln267_fu_3434_p2                |      icmp|   0|  0|   13|          16|           1|
    |icmp_ln293_fu_4469_p2                |      icmp|   0|  0|    9|           5|           1|
    |icmp_ln65_fu_3104_p2                 |      icmp|   0|  0|   10|           6|           5|
    |icmp_ln66_fu_3133_p2                 |      icmp|   0|  0|   13|          16|           1|
    |icmp_ln71_fu_3172_p2                 |      icmp|   0|  0|   20|          32|          32|
    |icmp_ln7_1_fu_3811_p2                |      icmp|   0|  0|    9|           5|           5|
    |icmp_ln7_2_fu_3982_p2                |      icmp|   0|  0|    9|           5|           5|
    |icmp_ln7_fu_3563_p2                  |      icmp|   0|  0|    9|           5|           5|
    |icmp_ln84_fu_3249_p2                 |      icmp|   0|  0|   13|          16|          17|
    |icmp_ln870_fu_3693_p2                |      icmp|   0|  0|   15|          21|          21|
    |icmp_ln92_fu_3266_p2                 |      icmp|   0|  0|   11|          10|          11|
    |p_Result_s_fu_3794_p2                |      icmp|   0|  0|   79|         216|           1|
    |empty_62_fu_4586_p2                  |      lshr|   0|  0|  100|          32|          32|
    |empty_89_fu_4905_p2                  |      lshr|   0|  0|   35|          16|          16|
    |lshr_ln107_fu_3346_p2                |      lshr|   0|  0|  100|          32|          32|
    |lshr_ln126_fu_3516_p2                |      lshr|   0|  0|  100|          32|          32|
    |lshr_ln1497_1_fu_3821_p2             |      lshr|   0|  0|   55|          21|          21|
    |lshr_ln1497_3_fu_3992_p2             |      lshr|   0|  0|   55|          21|          21|
    |lshr_ln1497_fu_3573_p2               |      lshr|   0|  0|   55|          21|          21|
    |lshr_ln244_fu_4200_p2                |      lshr|   0|  0|   29|          14|          14|
    |lshr_ln277_fu_4338_p2                |      lshr|   0|  0|   29|          14|          14|
    |lshr_ln73_fu_3279_p2                 |      lshr|   0|  0|  100|          32|          32|
    |ap_block_pp7_stage0_11001            |        or|   0|  0|    2|           1|           1|
    |ap_block_pp8_stage0_11001            |        or|   0|  0|    2|           1|           1|
    |ap_block_pp9_stage0_11001            |        or|   0|  0|    2|           1|           1|
    |ap_block_state1                      |        or|   0|  0|    2|           1|           1|
    |compressed_length_1_fu_4475_p2       |        or|   0|  0|   16|          16|           1|
    |or_ln244_fu_4213_p2                  |        or|   0|  0|   12|          12|          12|
    |or_ln250_fu_4185_p2                  |        or|   0|  0|   16|          16|          16|
    |or_ln277_fu_4351_p2                  |        or|   0|  0|   12|          12|          12|
    |or_ln282_fu_4296_p2                  |        or|   0|  0|   16|          16|          16|
    |or_ln709_1_fu_3959_p2                |        or|   0|  0|  215|         216|         216|
    |or_ln709_2_fu_3965_p2                |        or|   0|  0|  215|         216|         216|
    |or_ln709_fu_3953_p2                  |        or|   0|  0|  215|         216|         216|
    |code_V_1_fu_3714_p3                  |    select|   0|  0|   13|           1|          13|
    |compressed_length_2_fu_4481_p3       |    select|   0|  0|   16|           1|          16|
    |num_chunks_1_fu_3145_p3              |    select|   0|  0|    8|           1|           8|
    |empty_67_fu_4615_p2                  |       shl|   0|  0|    9|           2|           4|
    |empty_68_fu_4633_p2                  |       shl|   0|  0|  100|          32|          32|
    |empty_82_fu_4789_p2                  |       shl|   0|  0|    9|           2|           4|
    |empty_83_fu_4807_p2                  |       shl|   0|  0|  100|          32|          32|
    |empty_93_fu_4937_p2                  |       shl|   0|  0|    9|           1|           4|
    |empty_94_fu_4955_p2                  |       shl|   0|  0|  100|          32|          32|
    |r_2_fu_3947_p2                       |       shl|   0|  0|  785|           1|         216|
    |shl_ln242_fu_4146_p2                 |       shl|   0|  0|   35|          16|          16|
    |shl_ln250_fu_4176_p2                 |       shl|   0|  0|  100|          32|          32|
    |shl_ln269_fu_4412_p2                 |       shl|   0|  0|  100|          32|          32|
    |shl_ln274_fu_3471_p2                 |       shl|   0|  0|   35|          16|          16|
    |shl_ln282_fu_4287_p2                 |       shl|   0|  0|  100|          32|          32|
    |shl_ln612_fu_3778_p2                 |       shl|   0|  0|  785|           1|         216|
    |ap_enable_pp0                        |       xor|   0|  0|    2|           1|           2|
    |ap_enable_pp7                        |       xor|   0|  0|    2|           1|           2|
    |ap_enable_pp8                        |       xor|   0|  0|    2|           1|           2|
    |ap_enable_pp9                        |       xor|   0|  0|    2|           1|           2|
    |ap_enable_reg_pp0_iter1              |       xor|   0|  0|    2|           2|           1|
    |ap_enable_reg_pp7_iter1              |       xor|   0|  0|    2|           2|           1|
    |ap_enable_reg_pp8_iter1              |       xor|   0|  0|    2|           2|           1|
    |ap_enable_reg_pp9_iter1              |       xor|   0|  0|    2|           2|           1|
    |empty_88_fu_4888_p2                  |       xor|   0|  0|    2|           1|           1|
    |empty_97_fu_4882_p2                  |       xor|   0|  0|    2|           1|           2|
    |exitcond27tmp_fu_4819_p2             |       xor|   0|  0|    2|           1|           1|
    |hashed_11_fu_3866_p2                 |       xor|   0|  0|   32|          32|          32|
    |hashed_13_fu_4109_p2                 |       xor|   0|  0|   15|          15|          15|
    |hashed_17_fu_4037_p2                 |       xor|   0|  0|   32|          32|          32|
    |hashed_1_fu_3678_p2                  |       xor|   0|  0|   15|          15|          15|
    |hashed_5_fu_3618_p2                  |       xor|   0|  0|   32|          32|          32|
    |hashed_7_fu_3926_p2                  |       xor|   0|  0|   15|          15|          15|
    +-------------------------------------+----------+----+---+-----+------------+------------+
    |Total                                |          |   0|  0| 6549|        3896|        3738|
    +-------------------------------------+----------+----+---+-----+------------+------------+

    * Multiplexer: 
    +-----------------------------------------------+------+-----------+-----+-----------+
    |                      Name                     |  LUT | Input Size| Bits| Total Bits|
    +-----------------------------------------------+------+-----------+-----+-----------+
    |address_reg_2802                               |     9|          2|    8|         16|
    |ap_NS_fsm                                      |  2240|        425|    1|        425|
    |ap_done                                        |     9|          2|    1|          2|
    |ap_enable_reg_pp0_iter1                        |     9|          2|    1|          2|
    |ap_enable_reg_pp0_iter2                        |     9|          2|    1|          2|
    |ap_enable_reg_pp7_iter1                        |     9|          2|    1|          2|
    |ap_enable_reg_pp7_iter70                       |     9|          2|    1|          2|
    |ap_enable_reg_pp8_iter1                        |     9|          2|    1|          2|
    |ap_enable_reg_pp8_iter70                       |     9|          2|    1|          2|
    |ap_enable_reg_pp9_iter1                        |     9|          2|    1|          2|
    |ap_enable_reg_pp9_iter70                       |     9|          2|    1|          2|
    |ap_phi_mux_code_3651_phi_fu_2905_p6            |     9|          2|   13|         26|
    |ap_phi_mux_empty_43_phi_fu_2633_p4             |    14|          3|   32|         96|
    |ap_phi_mux_j_4_phi_fu_2891_p6                  |    14|          3|   16|         48|
    |ap_phi_mux_j_5_phi_fu_2978_p6                  |     9|          2|   16|         32|
    |ap_phi_mux_my_assoc_mem_fill_2_phi_fu_2918_p6  |     9|          2|   32|         64|
    |ap_phi_mux_next_code_V_2_phi_fu_2934_p6        |     9|          2|   13|         26|
    |ap_phi_mux_prefix_code_V_3_phi_fu_2949_p6      |     9|          2|   13|         26|
    |ap_phi_mux_residual_loop_index_phi_fu_3038_p4  |     9|          2|    1|          2|
    |ap_phi_mux_shift_2_phi_fu_2878_p6              |    14|          3|    8|         24|
    |ap_phi_mux_shift_3_phi_fu_2962_p6              |     9|          2|    8|         16|
    |code_3651_reg_2901                             |    14|          3|   13|         39|
    |code_V_reg_2732                                |     9|          2|   13|         26|
    |gmem_ARADDR                                    |    26|          5|   64|        320|
    |gmem_ARLEN                                     |    14|          3|   32|         96|
    |gmem_AWADDR                                    |    26|          5|   64|        320|
    |gmem_WDATA                                     |    26|          5|   32|        160|
    |gmem_WSTRB                                     |    26|          5|    4|         20|
    |gmem_blk_n_AR                                  |     9|          2|    1|          2|
    |gmem_blk_n_AW                                  |     9|          2|    1|          2|
    |gmem_blk_n_B                                   |     9|          2|    1|          2|
    |gmem_blk_n_R                                   |     9|          2|    1|          2|
    |gmem_blk_n_W                                   |     9|          2|    1|          2|
    |grp_fu_3046_p0                                 |    14|          3|    8|         24|
    |grp_fu_3053_p0                                 |    14|          3|    4|         12|
    |hash_table_V_0_address0                        |    26|          5|   15|         75|
    |hash_table_V_0_d0                              |    14|          3|   35|        105|
    |hashed_14_reg_2837                             |     9|          2|   32|         64|
    |hashed_2_reg_2779                              |     9|          2|   32|         64|
    |hashed_8_reg_2814                              |     9|          2|   32|         64|
    |i_1_reg_2675                                   |     9|          2|   16|         32|
    |i_2_reg_2686                                   |     9|          2|   10|         20|
    |i_3_reg_2697                                   |     9|          2|   32|         64|
    |i_4_reg_2791                                   |     9|          2|    5|         10|
    |i_6_reg_2826                                   |     9|          2|    5|         10|
    |i_8_reg_2849                                   |     9|          2|    5|         10|
    |i_reg_2595                                     |     9|          2|    6|         12|
    |input_offset_reg_2651                          |     9|          2|   32|         64|
    |j_2_reg_3001                                   |     9|          2|   15|         30|
    |j_4_reg_2887                                   |    14|          3|   16|         48|
    |j_5_reg_2974                                   |     9|          2|   16|         32|
    |j_reg_2708                                     |     9|          2|   16|         32|
    |loop_index620_reg_3012                         |     9|          2|    2|          4|
    |loop_index_reg_3023                            |     9|          2|   15|         30|
    |my_assoc_mem_fill_1_reg_2860                   |     9|          2|   32|         64|
    |my_assoc_mem_fill_2_reg_2914                   |     9|          2|   32|         64|
    |my_assoc_mem_fill_3_reg_2767                   |     9|          2|   32|         64|
    |my_assoc_mem_lower_key_mem_V_address0          |    20|          4|    9|         36|
    |my_assoc_mem_lower_key_mem_V_d0                |    14|          3|  216|        648|
    |my_assoc_mem_middle_key_mem_V_address0         |    20|          4|    9|         36|
    |my_assoc_mem_middle_key_mem_V_d0               |    14|          3|  216|        648|
    |my_assoc_mem_upper_key_mem_V_address0          |    20|          4|    9|         36|
    |my_assoc_mem_upper_key_mem_V_d0                |    14|          3|  216|        648|
    |my_assoc_mem_value_V_address0                  |   545|        110|    8|        880|
    |my_assoc_mem_value_V_address1                  |   545|        110|    8|        880|
    |my_assoc_mem_value_V_d1                        |    14|          3|   13|         39|
    |n_reg_2639                                     |     9|          2|   32|         64|
    |next_code_V_2_reg_2930                         |     9|          2|   13|         26|
    |next_code_V_reg_2754                           |     9|          2|   13|         26|
    |num_chunks_reg_2606                            |     9|          2|    8|         16|
    |output_offset_reg_2663                         |     9|          2|   32|         64|
    |prefix_code_V_1_reg_2744                       |     9|          2|   13|         26|
    |prefix_code_V_3_reg_2945                       |    14|          3|   13|         39|
    |residual_loop_index_reg_3034                   |     9|          2|    1|          2|
    |shift_2_reg_2874                               |    14|          3|    8|         24|
    |shift_3_reg_2958                               |     9|          2|    8|         16|
    |shift_5_reg_2990                               |    14|          3|    8|         24|
    |shift_reg_2720                                 |     9|          2|    8|         16|
    |shiftreg_reg_2618                              |     9|          2|   16|         32|
    |store_array_address0                           |    43|          8|   12|         96|
    |store_array_address1                           |    43|          8|   12|         96|
    |store_array_d0                                 |    26|          5|   16|         80|
    |store_array_d1                                 |    26|          5|   16|         80|
    +-----------------------------------------------+------+-----------+-----+-----------+
    |Total                                          |  4350|        860| 1775|       7386|
    +-----------------------------------------------+------+-----------+-----+-----------+

    * Register: 
    +-----------------------------------------------+-----+----+-----+-----------+
    |                      Name                     |  FF | LUT| Bits| Const Bits|
    +-----------------------------------------------+-----+----+-----+-----------+
    |add_ln107_1_reg_6258                           |    2|   0|    2|          0|
    |add_ln107_reg_6247                             |   64|   0|   64|          0|
    |add_ln126_2_reg_6284                           |    2|   0|    2|          0|
    |add_ln126_3_reg_6309                           |    2|   0|    2|          0|
    |add_ln126_reg_6289                             |   32|   0|   32|          0|
    |add_ln303_reg_6741                             |   17|   0|   17|          0|
    |add_ln71_reg_6196                              |   32|   0|   32|          0|
    |address_reg_2802                               |    8|   0|    8|          0|
    |and_ln612_1_reg_6449                           |  216|   0|  216|          0|
    |ap_CS_fsm                                      |  424|   0|  424|          0|
    |ap_done_reg                                    |    1|   0|    1|          0|
    |ap_enable_reg_pp0_iter0                        |    1|   0|    1|          0|
    |ap_enable_reg_pp0_iter1                        |    1|   0|    1|          0|
    |ap_enable_reg_pp0_iter2                        |    1|   0|    1|          0|
    |ap_enable_reg_pp7_iter0                        |    1|   0|    1|          0|
    |ap_enable_reg_pp7_iter1                        |    1|   0|    1|          0|
    |ap_enable_reg_pp7_iter10                       |    1|   0|    1|          0|
    |ap_enable_reg_pp7_iter11                       |    1|   0|    1|          0|
    |ap_enable_reg_pp7_iter12                       |    1|   0|    1|          0|
    |ap_enable_reg_pp7_iter13                       |    1|   0|    1|          0|
    |ap_enable_reg_pp7_iter14                       |    1|   0|    1|          0|
    |ap_enable_reg_pp7_iter15                       |    1|   0|    1|          0|
    |ap_enable_reg_pp7_iter16                       |    1|   0|    1|          0|
    |ap_enable_reg_pp7_iter17                       |    1|   0|    1|          0|
    |ap_enable_reg_pp7_iter18                       |    1|   0|    1|          0|
    |ap_enable_reg_pp7_iter19                       |    1|   0|    1|          0|
    |ap_enable_reg_pp7_iter2                        |    1|   0|    1|          0|
    |ap_enable_reg_pp7_iter20                       |    1|   0|    1|          0|
    |ap_enable_reg_pp7_iter21                       |    1|   0|    1|          0|
    |ap_enable_reg_pp7_iter22                       |    1|   0|    1|          0|
    |ap_enable_reg_pp7_iter23                       |    1|   0|    1|          0|
    |ap_enable_reg_pp7_iter24                       |    1|   0|    1|          0|
    |ap_enable_reg_pp7_iter25                       |    1|   0|    1|          0|
    |ap_enable_reg_pp7_iter26                       |    1|   0|    1|          0|
    |ap_enable_reg_pp7_iter27                       |    1|   0|    1|          0|
    |ap_enable_reg_pp7_iter28                       |    1|   0|    1|          0|
    |ap_enable_reg_pp7_iter29                       |    1|   0|    1|          0|
    |ap_enable_reg_pp7_iter3                        |    1|   0|    1|          0|
    |ap_enable_reg_pp7_iter30                       |    1|   0|    1|          0|
    |ap_enable_reg_pp7_iter31                       |    1|   0|    1|          0|
    |ap_enable_reg_pp7_iter32                       |    1|   0|    1|          0|
    |ap_enable_reg_pp7_iter33                       |    1|   0|    1|          0|
    |ap_enable_reg_pp7_iter34                       |    1|   0|    1|          0|
    |ap_enable_reg_pp7_iter35                       |    1|   0|    1|          0|
    |ap_enable_reg_pp7_iter36                       |    1|   0|    1|          0|
    |ap_enable_reg_pp7_iter37                       |    1|   0|    1|          0|
    |ap_enable_reg_pp7_iter38                       |    1|   0|    1|          0|
    |ap_enable_reg_pp7_iter39                       |    1|   0|    1|          0|
    |ap_enable_reg_pp7_iter4                        |    1|   0|    1|          0|
    |ap_enable_reg_pp7_iter40                       |    1|   0|    1|          0|
    |ap_enable_reg_pp7_iter41                       |    1|   0|    1|          0|
    |ap_enable_reg_pp7_iter42                       |    1|   0|    1|          0|
    |ap_enable_reg_pp7_iter43                       |    1|   0|    1|          0|
    |ap_enable_reg_pp7_iter44                       |    1|   0|    1|          0|
    |ap_enable_reg_pp7_iter45                       |    1|   0|    1|          0|
    |ap_enable_reg_pp7_iter46                       |    1|   0|    1|          0|
    |ap_enable_reg_pp7_iter47                       |    1|   0|    1|          0|
    |ap_enable_reg_pp7_iter48                       |    1|   0|    1|          0|
    |ap_enable_reg_pp7_iter49                       |    1|   0|    1|          0|
    |ap_enable_reg_pp7_iter5                        |    1|   0|    1|          0|
    |ap_enable_reg_pp7_iter50                       |    1|   0|    1|          0|
    |ap_enable_reg_pp7_iter51                       |    1|   0|    1|          0|
    |ap_enable_reg_pp7_iter52                       |    1|   0|    1|          0|
    |ap_enable_reg_pp7_iter53                       |    1|   0|    1|          0|
    |ap_enable_reg_pp7_iter54                       |    1|   0|    1|          0|
    |ap_enable_reg_pp7_iter55                       |    1|   0|    1|          0|
    |ap_enable_reg_pp7_iter56                       |    1|   0|    1|          0|
    |ap_enable_reg_pp7_iter57                       |    1|   0|    1|          0|
    |ap_enable_reg_pp7_iter58                       |    1|   0|    1|          0|
    |ap_enable_reg_pp7_iter59                       |    1|   0|    1|          0|
    |ap_enable_reg_pp7_iter6                        |    1|   0|    1|          0|
    |ap_enable_reg_pp7_iter60                       |    1|   0|    1|          0|
    |ap_enable_reg_pp7_iter61                       |    1|   0|    1|          0|
    |ap_enable_reg_pp7_iter62                       |    1|   0|    1|          0|
    |ap_enable_reg_pp7_iter63                       |    1|   0|    1|          0|
    |ap_enable_reg_pp7_iter64                       |    1|   0|    1|          0|
    |ap_enable_reg_pp7_iter65                       |    1|   0|    1|          0|
    |ap_enable_reg_pp7_iter66                       |    1|   0|    1|          0|
    |ap_enable_reg_pp7_iter67                       |    1|   0|    1|          0|
    |ap_enable_reg_pp7_iter68                       |    1|   0|    1|          0|
    |ap_enable_reg_pp7_iter69                       |    1|   0|    1|          0|
    |ap_enable_reg_pp7_iter7                        |    1|   0|    1|          0|
    |ap_enable_reg_pp7_iter70                       |    1|   0|    1|          0|
    |ap_enable_reg_pp7_iter8                        |    1|   0|    1|          0|
    |ap_enable_reg_pp7_iter9                        |    1|   0|    1|          0|
    |ap_enable_reg_pp8_iter0                        |    1|   0|    1|          0|
    |ap_enable_reg_pp8_iter1                        |    1|   0|    1|          0|
    |ap_enable_reg_pp8_iter10                       |    1|   0|    1|          0|
    |ap_enable_reg_pp8_iter11                       |    1|   0|    1|          0|
    |ap_enable_reg_pp8_iter12                       |    1|   0|    1|          0|
    |ap_enable_reg_pp8_iter13                       |    1|   0|    1|          0|
    |ap_enable_reg_pp8_iter14                       |    1|   0|    1|          0|
    |ap_enable_reg_pp8_iter15                       |    1|   0|    1|          0|
    |ap_enable_reg_pp8_iter16                       |    1|   0|    1|          0|
    |ap_enable_reg_pp8_iter17                       |    1|   0|    1|          0|
    |ap_enable_reg_pp8_iter18                       |    1|   0|    1|          0|
    |ap_enable_reg_pp8_iter19                       |    1|   0|    1|          0|
    |ap_enable_reg_pp8_iter2                        |    1|   0|    1|          0|
    |ap_enable_reg_pp8_iter20                       |    1|   0|    1|          0|
    |ap_enable_reg_pp8_iter21                       |    1|   0|    1|          0|
    |ap_enable_reg_pp8_iter22                       |    1|   0|    1|          0|
    |ap_enable_reg_pp8_iter23                       |    1|   0|    1|          0|
    |ap_enable_reg_pp8_iter24                       |    1|   0|    1|          0|
    |ap_enable_reg_pp8_iter25                       |    1|   0|    1|          0|
    |ap_enable_reg_pp8_iter26                       |    1|   0|    1|          0|
    |ap_enable_reg_pp8_iter27                       |    1|   0|    1|          0|
    |ap_enable_reg_pp8_iter28                       |    1|   0|    1|          0|
    |ap_enable_reg_pp8_iter29                       |    1|   0|    1|          0|
    |ap_enable_reg_pp8_iter3                        |    1|   0|    1|          0|
    |ap_enable_reg_pp8_iter30                       |    1|   0|    1|          0|
    |ap_enable_reg_pp8_iter31                       |    1|   0|    1|          0|
    |ap_enable_reg_pp8_iter32                       |    1|   0|    1|          0|
    |ap_enable_reg_pp8_iter33                       |    1|   0|    1|          0|
    |ap_enable_reg_pp8_iter34                       |    1|   0|    1|          0|
    |ap_enable_reg_pp8_iter35                       |    1|   0|    1|          0|
    |ap_enable_reg_pp8_iter36                       |    1|   0|    1|          0|
    |ap_enable_reg_pp8_iter37                       |    1|   0|    1|          0|
    |ap_enable_reg_pp8_iter38                       |    1|   0|    1|          0|
    |ap_enable_reg_pp8_iter39                       |    1|   0|    1|          0|
    |ap_enable_reg_pp8_iter4                        |    1|   0|    1|          0|
    |ap_enable_reg_pp8_iter40                       |    1|   0|    1|          0|
    |ap_enable_reg_pp8_iter41                       |    1|   0|    1|          0|
    |ap_enable_reg_pp8_iter42                       |    1|   0|    1|          0|
    |ap_enable_reg_pp8_iter43                       |    1|   0|    1|          0|
    |ap_enable_reg_pp8_iter44                       |    1|   0|    1|          0|
    |ap_enable_reg_pp8_iter45                       |    1|   0|    1|          0|
    |ap_enable_reg_pp8_iter46                       |    1|   0|    1|          0|
    |ap_enable_reg_pp8_iter47                       |    1|   0|    1|          0|
    |ap_enable_reg_pp8_iter48                       |    1|   0|    1|          0|
    |ap_enable_reg_pp8_iter49                       |    1|   0|    1|          0|
    |ap_enable_reg_pp8_iter5                        |    1|   0|    1|          0|
    |ap_enable_reg_pp8_iter50                       |    1|   0|    1|          0|
    |ap_enable_reg_pp8_iter51                       |    1|   0|    1|          0|
    |ap_enable_reg_pp8_iter52                       |    1|   0|    1|          0|
    |ap_enable_reg_pp8_iter53                       |    1|   0|    1|          0|
    |ap_enable_reg_pp8_iter54                       |    1|   0|    1|          0|
    |ap_enable_reg_pp8_iter55                       |    1|   0|    1|          0|
    |ap_enable_reg_pp8_iter56                       |    1|   0|    1|          0|
    |ap_enable_reg_pp8_iter57                       |    1|   0|    1|          0|
    |ap_enable_reg_pp8_iter58                       |    1|   0|    1|          0|
    |ap_enable_reg_pp8_iter59                       |    1|   0|    1|          0|
    |ap_enable_reg_pp8_iter6                        |    1|   0|    1|          0|
    |ap_enable_reg_pp8_iter60                       |    1|   0|    1|          0|
    |ap_enable_reg_pp8_iter61                       |    1|   0|    1|          0|
    |ap_enable_reg_pp8_iter62                       |    1|   0|    1|          0|
    |ap_enable_reg_pp8_iter63                       |    1|   0|    1|          0|
    |ap_enable_reg_pp8_iter64                       |    1|   0|    1|          0|
    |ap_enable_reg_pp8_iter65                       |    1|   0|    1|          0|
    |ap_enable_reg_pp8_iter66                       |    1|   0|    1|          0|
    |ap_enable_reg_pp8_iter67                       |    1|   0|    1|          0|
    |ap_enable_reg_pp8_iter68                       |    1|   0|    1|          0|
    |ap_enable_reg_pp8_iter69                       |    1|   0|    1|          0|
    |ap_enable_reg_pp8_iter7                        |    1|   0|    1|          0|
    |ap_enable_reg_pp8_iter70                       |    1|   0|    1|          0|
    |ap_enable_reg_pp8_iter8                        |    1|   0|    1|          0|
    |ap_enable_reg_pp8_iter9                        |    1|   0|    1|          0|
    |ap_enable_reg_pp9_iter0                        |    1|   0|    1|          0|
    |ap_enable_reg_pp9_iter1                        |    1|   0|    1|          0|
    |ap_enable_reg_pp9_iter10                       |    1|   0|    1|          0|
    |ap_enable_reg_pp9_iter11                       |    1|   0|    1|          0|
    |ap_enable_reg_pp9_iter12                       |    1|   0|    1|          0|
    |ap_enable_reg_pp9_iter13                       |    1|   0|    1|          0|
    |ap_enable_reg_pp9_iter14                       |    1|   0|    1|          0|
    |ap_enable_reg_pp9_iter15                       |    1|   0|    1|          0|
    |ap_enable_reg_pp9_iter16                       |    1|   0|    1|          0|
    |ap_enable_reg_pp9_iter17                       |    1|   0|    1|          0|
    |ap_enable_reg_pp9_iter18                       |    1|   0|    1|          0|
    |ap_enable_reg_pp9_iter19                       |    1|   0|    1|          0|
    |ap_enable_reg_pp9_iter2                        |    1|   0|    1|          0|
    |ap_enable_reg_pp9_iter20                       |    1|   0|    1|          0|
    |ap_enable_reg_pp9_iter21                       |    1|   0|    1|          0|
    |ap_enable_reg_pp9_iter22                       |    1|   0|    1|          0|
    |ap_enable_reg_pp9_iter23                       |    1|   0|    1|          0|
    |ap_enable_reg_pp9_iter24                       |    1|   0|    1|          0|
    |ap_enable_reg_pp9_iter25                       |    1|   0|    1|          0|
    |ap_enable_reg_pp9_iter26                       |    1|   0|    1|          0|
    |ap_enable_reg_pp9_iter27                       |    1|   0|    1|          0|
    |ap_enable_reg_pp9_iter28                       |    1|   0|    1|          0|
    |ap_enable_reg_pp9_iter29                       |    1|   0|    1|          0|
    |ap_enable_reg_pp9_iter3                        |    1|   0|    1|          0|
    |ap_enable_reg_pp9_iter30                       |    1|   0|    1|          0|
    |ap_enable_reg_pp9_iter31                       |    1|   0|    1|          0|
    |ap_enable_reg_pp9_iter32                       |    1|   0|    1|          0|
    |ap_enable_reg_pp9_iter33                       |    1|   0|    1|          0|
    |ap_enable_reg_pp9_iter34                       |    1|   0|    1|          0|
    |ap_enable_reg_pp9_iter35                       |    1|   0|    1|          0|
    |ap_enable_reg_pp9_iter36                       |    1|   0|    1|          0|
    |ap_enable_reg_pp9_iter37                       |    1|   0|    1|          0|
    |ap_enable_reg_pp9_iter38                       |    1|   0|    1|          0|
    |ap_enable_reg_pp9_iter39                       |    1|   0|    1|          0|
    |ap_enable_reg_pp9_iter4                        |    1|   0|    1|          0|
    |ap_enable_reg_pp9_iter40                       |    1|   0|    1|          0|
    |ap_enable_reg_pp9_iter41                       |    1|   0|    1|          0|
    |ap_enable_reg_pp9_iter42                       |    1|   0|    1|          0|
    |ap_enable_reg_pp9_iter43                       |    1|   0|    1|          0|
    |ap_enable_reg_pp9_iter44                       |    1|   0|    1|          0|
    |ap_enable_reg_pp9_iter45                       |    1|   0|    1|          0|
    |ap_enable_reg_pp9_iter46                       |    1|   0|    1|          0|
    |ap_enable_reg_pp9_iter47                       |    1|   0|    1|          0|
    |ap_enable_reg_pp9_iter48                       |    1|   0|    1|          0|
    |ap_enable_reg_pp9_iter49                       |    1|   0|    1|          0|
    |ap_enable_reg_pp9_iter5                        |    1|   0|    1|          0|
    |ap_enable_reg_pp9_iter50                       |    1|   0|    1|          0|
    |ap_enable_reg_pp9_iter51                       |    1|   0|    1|          0|
    |ap_enable_reg_pp9_iter52                       |    1|   0|    1|          0|
    |ap_enable_reg_pp9_iter53                       |    1|   0|    1|          0|
    |ap_enable_reg_pp9_iter54                       |    1|   0|    1|          0|
    |ap_enable_reg_pp9_iter55                       |    1|   0|    1|          0|
    |ap_enable_reg_pp9_iter56                       |    1|   0|    1|          0|
    |ap_enable_reg_pp9_iter57                       |    1|   0|    1|          0|
    |ap_enable_reg_pp9_iter58                       |    1|   0|    1|          0|
    |ap_enable_reg_pp9_iter59                       |    1|   0|    1|          0|
    |ap_enable_reg_pp9_iter6                        |    1|   0|    1|          0|
    |ap_enable_reg_pp9_iter60                       |    1|   0|    1|          0|
    |ap_enable_reg_pp9_iter61                       |    1|   0|    1|          0|
    |ap_enable_reg_pp9_iter62                       |    1|   0|    1|          0|
    |ap_enable_reg_pp9_iter63                       |    1|   0|    1|          0|
    |ap_enable_reg_pp9_iter64                       |    1|   0|    1|          0|
    |ap_enable_reg_pp9_iter65                       |    1|   0|    1|          0|
    |ap_enable_reg_pp9_iter66                       |    1|   0|    1|          0|
    |ap_enable_reg_pp9_iter67                       |    1|   0|    1|          0|
    |ap_enable_reg_pp9_iter68                       |    1|   0|    1|          0|
    |ap_enable_reg_pp9_iter69                       |    1|   0|    1|          0|
    |ap_enable_reg_pp9_iter7                        |    1|   0|    1|          0|
    |ap_enable_reg_pp9_iter70                       |    1|   0|    1|          0|
    |ap_enable_reg_pp9_iter8                        |    1|   0|    1|          0|
    |ap_enable_reg_pp9_iter9                        |    1|   0|    1|          0|
    |ap_rst_n_inv                                   |    1|   0|    1|          0|
    |ap_rst_reg_1                                   |    1|   0|    1|          0|
    |ap_rst_reg_2                                   |    1|   0|    1|          0|
    |code_3651_reg_2901                             |   13|   0|   13|          0|
    |code_V_1_reg_6411                              |   13|   0|   13|          0|
    |code_V_reg_2732                                |   13|   0|   13|          0|
    |compressed_length_2_reg_6559                   |   16|   0|   16|          0|
    |empty_42_reg_5071                              |    1|   0|    1|          0|
    |empty_42_reg_5071_pp0_iter1_reg                |    1|   0|    1|          0|
    |empty_44_reg_6190                              |    2|   0|    2|          0|
    |empty_61_reg_6591                              |    1|   0|    1|          0|
    |empty_64_reg_6596                              |    1|   0|    1|          0|
    |empty_67_reg_6607                              |    4|   0|    4|          0|
    |empty_68_reg_6612                              |   32|   0|   32|          0|
    |empty_71_reg_6638                              |   13|   0|   13|          0|
    |empty_73_reg_6643                              |   64|   0|   64|          0|
    |empty_74_reg_6649                              |    2|   0|    2|          0|
    |empty_77_reg_6690                              |    1|   0|    1|          0|
    |empty_78_reg_6695                              |    2|   0|    2|          0|
    |empty_79_reg_6669                              |    1|   0|    1|          0|
    |empty_82_reg_6680                              |    4|   0|    4|          0|
    |empty_83_reg_6685                              |   32|   0|   32|          0|
    |empty_93_reg_6720                              |    4|   0|    4|          0|
    |empty_94_reg_6725                              |   32|   0|   32|          0|
    |empty_97_reg_6715                              |    1|   0|    1|          0|
    |exitcond25_reg_6587                            |    1|   0|    1|          0|
    |exitcond26_reg_6660                            |    1|   0|    1|          0|
    |exitcond27tmp_reg_6700                         |    1|   0|    1|          0|
    |gmem_addr_1_read_reg_6210                      |   32|   0|   32|          0|
    |gmem_addr_1_reg_6204                           |   64|   0|   64|          0|
    |gmem_addr_2_read_reg_6264                      |   32|   0|   32|          0|
    |gmem_addr_2_reg_6252                           |   64|   0|   64|          0|
    |gmem_addr_3_read_reg_6350                      |   32|   0|   32|          0|
    |gmem_addr_3_reg_6303                           |   64|   0|   64|          0|
    |gmem_addr_4_reg_6601                           |   64|   0|   64|          0|
    |gmem_addr_5_reg_6674                           |   64|   0|   64|          0|
    |gmem_addr_6_reg_6730                           |   64|   0|   64|          0|
    |gmem_addr_7_reg_6709                           |   64|   0|   64|          0|
    |gmem_addr_read_reg_5075                        |   32|   0|   32|          0|
    |gmem_addr_reg_5038                             |   64|   0|   64|          0|
    |hashed_14_reg_2837                             |   32|   0|   32|          0|
    |hashed_2_reg_2779                              |   32|   0|   32|          0|
    |hashed_8_reg_2814                              |   32|   0|   32|          0|
    |hit_reg_6407                                   |    1|   0|    1|          0|
    |i_1_reg_2675                                   |   16|   0|   16|          0|
    |i_2_reg_2686                                   |   10|   0|   10|          0|
    |i_3_reg_2697                                   |   32|   0|   32|          0|
    |i_4_reg_2791                                   |    5|   0|    5|          0|
    |i_6_reg_2826                                   |    5|   0|    5|          0|
    |i_8_reg_2849                                   |    5|   0|    5|          0|
    |i_reg_2595                                     |    6|   0|    6|          0|
    |icmp_ln159_reg_6454                            |    1|   0|    1|          0|
    |icmp_ln235_reg_6515                            |    1|   0|    1|          0|
    |icmp_ln240_reg_6519                            |    1|   0|    1|          0|
    |icmp_ln65_reg_5067                             |    1|   0|    1|          0|
    |icmp_ln65_reg_5067_pp0_iter1_reg               |    1|   0|    1|          0|
    |in_length_reg_6236                             |   16|   0|   16|          0|
    |input_offset_1_reg_6242                        |   32|   0|   32|          0|
    |input_offset_reg_2651                          |   32|   0|   32|          0|
    |j_2_reg_3001                                   |   15|   0|   15|          0|
    |j_4_reg_2887                                   |   16|   0|   16|          0|
    |j_5_reg_2974                                   |   16|   0|   16|          0|
    |j_reg_2708                                     |   16|   0|   16|          0|
    |key_V_reg_6376                                 |   21|   0|   21|          0|
    |loop_index620_reg_3012                         |    2|   0|    2|          0|
    |loop_index_reg_3023                            |   15|   0|   15|          0|
    |match_high_V_reg_6433                          |  216|   0|  216|          0|
    |match_low_V_reg_6443                           |  216|   0|  216|          0|
    |match_middle_V_reg_6438                        |  216|   0|  216|          0|
    |my_assoc_mem_fill_1_reg_2860                   |   32|   0|   32|          0|
    |my_assoc_mem_fill_2_reg_2914                   |   32|   0|   32|          0|
    |my_assoc_mem_fill_3_reg_2767                   |   32|   0|   32|          0|
    |my_assoc_mem_lower_key_mem_V_addr_1_reg_6428   |    9|   0|    9|          0|
    |my_assoc_mem_middle_key_mem_V_addr_1_reg_6423  |    9|   0|    9|          0|
    |my_assoc_mem_upper_key_mem_V_addr_1_reg_6418   |    3|   0|    9|          6|
    |n_reg_2639                                     |   32|   0|   32|          0|
    |next_char_reg_6355                             |    8|   0|    8|          0|
    |next_code_V_2_reg_2930                         |   13|   0|   13|          0|
    |next_code_V_reg_2754                           |   13|   0|   13|          0|
    |num_chunks_reg_2606                            |    8|   0|    8|          0|
    |output_offset_1_reg_6736                       |   32|   0|   32|          0|
    |output_offset_cast_reg_6577                    |   32|   0|   33|          1|
    |output_offset_reg_2663                         |   32|   0|   32|          0|
    |prefix_code_V_1_reg_2744                       |   13|   0|   13|          0|
    |prefix_code_V_3_reg_2945                       |   13|   0|   13|          0|
    |prefix_code_V_reg_6269                         |    8|   0|    8|          0|
    |residual_loop_index_reg_3034                   |    1|   0|    1|          0|
    |ret_2_reg_6384                                 |    9|   0|    9|          0|
    |sext_ln124_reg_6279                            |   32|   0|   32|          0|
    |sext_ln71_reg_6170                             |   32|   0|   32|          0|
    |shift_2_reg_2874                               |    8|   0|    8|          0|
    |shift_3_reg_2958                               |    8|   0|    8|          0|
    |shift_5_reg_2990                               |    8|   0|    8|          0|
    |shift_reg_2720                                 |    8|   0|    8|          0|
    |shiftreg_reg_2618                              |   16|   0|   16|          0|
    |store_array_addr_3_reg_6344                    |   12|   0|   12|          0|
    |store_array_addr_4_reg_6338                    |   12|   0|   12|          0|
    |store_array_addr_8_reg_6529                    |   12|   0|   12|          0|
    |store_array_addr_9_reg_6523                    |   12|   0|   12|          0|
    |sub_ln299_cast40_reg_6633                      |   64|   0|   64|          0|
    |sub_ln299_reg_6627                             |   17|   0|   17|          0|
    |trunc_ln107_reg_6185                           |    2|   0|    2|          0|
    |trunc_ln124_1_reg_6314                         |   15|   0|   15|          0|
    |trunc_ln124_reg_6294                           |    4|   0|    4|          0|
    |trunc_ln299_1_reg_6622                         |   15|   0|   15|          0|
    |trunc_ln299_reg_6617                           |    1|   0|    1|          0|
    |trunc_ln73_reg_6180                            |    2|   0|    2|          0|
    |valid_1_reg_6495                               |    1|   0|    1|          0|
    |zext_ln267_reg_6330                            |   13|   0|   14|          1|
    |zext_ln290_reg_6572                            |   16|   0|   32|         16|
    |zext_ln296_reg_6565                            |   16|   0|   17|          1|
    |zext_ln302_1_reg_6371                          |   13|   0|   16|          3|
    |zext_ln302_reg_6366                            |   13|   0|   14|          1|
    |zext_ln48_reg_6215                             |    2|   0|   32|         30|
    |zext_ln546_1_reg_6361                          |   13|   0|   32|         19|
    |zext_ln546_reg_6324                            |   13|   0|   32|         19|
    |exitcond25_reg_6587                            |   64|  32|    1|          0|
    |exitcond26_reg_6660                            |   64|  32|    1|          0|
    |exitcond27tmp_reg_6700                         |   64|  32|    1|          0|
    +-----------------------------------------------+-----+----+-----+-----------+
    |Total                                          | 3828|  96| 3736|         97|
    +-----------------------------------------------+-----+----+-----+-----------+



================================================================
== Interface
================================================================
* Summary: 
+-----------------------+-----+-----+---------------+--------------+--------------+
|       RTL Ports       | Dir | Bits|    Protocol   | Source Object|    C Type    |
+-----------------------+-----+-----+---------------+--------------+--------------+
|s_axi_control_AWVALID  |   in|    1|          s_axi|       control|        scalar|
|s_axi_control_AWREADY  |  out|    1|          s_axi|       control|        scalar|
|s_axi_control_AWADDR   |   in|    6|          s_axi|       control|        scalar|
|s_axi_control_WVALID   |   in|    1|          s_axi|       control|        scalar|
|s_axi_control_WREADY   |  out|    1|          s_axi|       control|        scalar|
|s_axi_control_WDATA    |   in|   32|          s_axi|       control|        scalar|
|s_axi_control_WSTRB    |   in|    4|          s_axi|       control|        scalar|
|s_axi_control_ARVALID  |   in|    1|          s_axi|       control|        scalar|
|s_axi_control_ARREADY  |  out|    1|          s_axi|       control|        scalar|
|s_axi_control_ARADDR   |   in|    6|          s_axi|       control|        scalar|
|s_axi_control_RVALID   |  out|    1|          s_axi|       control|        scalar|
|s_axi_control_RREADY   |   in|    1|          s_axi|       control|        scalar|
|s_axi_control_RDATA    |  out|   32|          s_axi|       control|        scalar|
|s_axi_control_RRESP    |  out|    2|          s_axi|       control|        scalar|
|s_axi_control_BVALID   |  out|    1|          s_axi|       control|        scalar|
|s_axi_control_BREADY   |   in|    1|          s_axi|       control|        scalar|
|s_axi_control_BRESP    |  out|    2|          s_axi|       control|        scalar|
|ap_clk                 |   in|    1|  ap_ctrl_chain|      krnl_LZW|  return value|
|ap_rst_n               |   in|    1|  ap_ctrl_chain|      krnl_LZW|  return value|
|interrupt              |  out|    1|  ap_ctrl_chain|      krnl_LZW|  return value|
|m_axi_gmem_AWVALID     |  out|    1|          m_axi|          gmem|       pointer|
|m_axi_gmem_AWREADY     |   in|    1|          m_axi|          gmem|       pointer|
|m_axi_gmem_AWADDR      |  out|   64|          m_axi|          gmem|       pointer|
|m_axi_gmem_AWID        |  out|    1|          m_axi|          gmem|       pointer|
|m_axi_gmem_AWLEN       |  out|    8|          m_axi|          gmem|       pointer|
|m_axi_gmem_AWSIZE      |  out|    3|          m_axi|          gmem|       pointer|
|m_axi_gmem_AWBURST     |  out|    2|          m_axi|          gmem|       pointer|
|m_axi_gmem_AWLOCK      |  out|    2|          m_axi|          gmem|       pointer|
|m_axi_gmem_AWCACHE     |  out|    4|          m_axi|          gmem|       pointer|
|m_axi_gmem_AWPROT      |  out|    3|          m_axi|          gmem|       pointer|
|m_axi_gmem_AWQOS       |  out|    4|          m_axi|          gmem|       pointer|
|m_axi_gmem_AWREGION    |  out|    4|          m_axi|          gmem|       pointer|
|m_axi_gmem_AWUSER      |  out|    1|          m_axi|          gmem|       pointer|
|m_axi_gmem_WVALID      |  out|    1|          m_axi|          gmem|       pointer|
|m_axi_gmem_WREADY      |   in|    1|          m_axi|          gmem|       pointer|
|m_axi_gmem_WDATA       |  out|   32|          m_axi|          gmem|       pointer|
|m_axi_gmem_WSTRB       |  out|    4|          m_axi|          gmem|       pointer|
|m_axi_gmem_WLAST       |  out|    1|          m_axi|          gmem|       pointer|
|m_axi_gmem_WID         |  out|    1|          m_axi|          gmem|       pointer|
|m_axi_gmem_WUSER       |  out|    1|          m_axi|          gmem|       pointer|
|m_axi_gmem_ARVALID     |  out|    1|          m_axi|          gmem|       pointer|
|m_axi_gmem_ARREADY     |   in|    1|          m_axi|          gmem|       pointer|
|m_axi_gmem_ARADDR      |  out|   64|          m_axi|          gmem|       pointer|
|m_axi_gmem_ARID        |  out|    1|          m_axi|          gmem|       pointer|
|m_axi_gmem_ARLEN       |  out|    8|          m_axi|          gmem|       pointer|
|m_axi_gmem_ARSIZE      |  out|    3|          m_axi|          gmem|       pointer|
|m_axi_gmem_ARBURST     |  out|    2|          m_axi|          gmem|       pointer|
|m_axi_gmem_ARLOCK      |  out|    2|          m_axi|          gmem|       pointer|
|m_axi_gmem_ARCACHE     |  out|    4|          m_axi|          gmem|       pointer|
|m_axi_gmem_ARPROT      |  out|    3|          m_axi|          gmem|       pointer|
|m_axi_gmem_ARQOS       |  out|    4|          m_axi|          gmem|       pointer|
|m_axi_gmem_ARREGION    |  out|    4|          m_axi|          gmem|       pointer|
|m_axi_gmem_ARUSER      |  out|    1|          m_axi|          gmem|       pointer|
|m_axi_gmem_RVALID      |   in|    1|          m_axi|          gmem|       pointer|
|m_axi_gmem_RREADY      |  out|    1|          m_axi|          gmem|       pointer|
|m_axi_gmem_RDATA       |   in|   32|          m_axi|          gmem|       pointer|
|m_axi_gmem_RLAST       |   in|    1|          m_axi|          gmem|       pointer|
|m_axi_gmem_RID         |   in|    1|          m_axi|          gmem|       pointer|
|m_axi_gmem_RUSER       |   in|    1|          m_axi|          gmem|       pointer|
|m_axi_gmem_RRESP       |   in|    2|          m_axi|          gmem|       pointer|
|m_axi_gmem_BVALID      |   in|    1|          m_axi|          gmem|       pointer|
|m_axi_gmem_BREADY      |  out|    1|          m_axi|          gmem|       pointer|
|m_axi_gmem_BRESP       |   in|    2|          m_axi|          gmem|       pointer|
|m_axi_gmem_BID         |   in|    1|          m_axi|          gmem|       pointer|
|m_axi_gmem_BUSER       |   in|    1|          m_axi|          gmem|       pointer|
+-----------------------+-----+-----+---------------+--------------+--------------+

