

================================================================
== Vitis HLS Report for 'my_hash'
================================================================
* Date:           Sun Nov 26 15:57:22 2023

* Version:        2020.2 (Build 3064766 on Wed Nov 18 09:12:47 MST 2020)
* Project:        Optimized_Project
* Solution:       solution1 (Vitis Kernel Flow Target)
* Product family: zynquplus
* Target device:  xczu3eg-sbva484-1-i


================================================================
== Performance Estimates
================================================================
+ Timing: 
    * Summary: 
    +--------+---------+----------+------------+
    |  Clock |  Target | Estimated| Uncertainty|
    +--------+---------+----------+------------+
    |ap_clk  |  6.67 ns|  4.812 ns|     1.80 ns|
    +--------+---------+----------+------------+

+ Latency: 
    * Summary: 
    +---------+---------+-----------+-----------+-----+-----+---------+
    |  Latency (cycles) |   Latency (absolute)  |  Interval | Pipeline|
    |   min   |   max   |    min    |    max    | min | max |   Type  |
    +---------+---------+-----------+-----------+-----+-----+---------+
    |       10|       10|  66.670 ns|  66.670 ns|   10|   10|     none|
    +---------+---------+-----------+-----------+-----+-----+---------+

    + Detail: 
        * Instance: 
        N/A

        * Loop: 
        N/A



================================================================
== Utilization Estimates
================================================================
* Summary: 
+-----------------+---------+-----+--------+-------+-----+
|       Name      | BRAM_18K| DSP |   FF   |  LUT  | URAM|
+-----------------+---------+-----+--------+-------+-----+
|DSP              |        -|    -|       -|      -|    -|
|Expression       |        -|    -|       0|   4347|    -|
|FIFO             |        -|    -|       -|      -|    -|
|Instance         |        -|    -|       -|      -|    -|
|Memory           |        -|    -|       -|      -|    -|
|Multiplexer      |        -|    -|       -|     65|    -|
|Register         |        -|    -|     948|      -|    -|
+-----------------+---------+-----+--------+-------+-----+
|Total            |        0|    0|     948|   4412|    0|
+-----------------+---------+-----+--------+-------+-----+
|Available        |      432|  360|  141120|  70560|    0|
+-----------------+---------+-----+--------+-------+-----+
|Utilization (%)  |        0|    0|      ~0|      6|    0|
+-----------------+---------+-----+--------+-------+-----+

+ Detail: 
    * Instance: 
    N/A

    * DSP: 
    N/A

    * Memory: 
    N/A

    * FIFO: 
    N/A

    * Expression: 
    +------------------------+----------+----+---+----+------------+------------+
    |      Variable Name     | Operation| DSP| FF| LUT| Bitwidth P0| Bitwidth P1|
    +------------------------+----------+----+---+----+------------+------------+
    |add_ln10_10_fu_982_p2   |         +|   0|  0|  16|          15|          15|
    |add_ln10_12_fu_1096_p2  |         +|   0|  0|  16|          15|          15|
    |add_ln10_14_fu_1210_p2  |         +|   0|  0|  16|          15|          15|
    |add_ln10_16_fu_1324_p2  |         +|   0|  0|  16|          15|          15|
    |add_ln10_18_fu_1438_p2  |         +|   0|  0|  16|          15|          15|
    |add_ln10_20_fu_1552_p2  |         +|   0|  0|  16|          15|          15|
    |add_ln10_22_fu_1666_p2  |         +|   0|  0|  16|          15|          15|
    |add_ln10_24_fu_1780_p2  |         +|   0|  0|  16|          15|          15|
    |add_ln10_26_fu_1894_p2  |         +|   0|  0|  16|          15|          15|
    |add_ln10_28_fu_2008_p2  |         +|   0|  0|  16|          15|          15|
    |add_ln10_2_fu_356_p2    |         +|   0|  0|  16|          15|          15|
    |add_ln10_30_fu_2122_p2  |         +|   0|  0|  16|          15|          15|
    |add_ln10_32_fu_2236_p2  |         +|   0|  0|  16|          15|          15|
    |add_ln10_34_fu_2350_p2  |         +|   0|  0|  16|          15|          15|
    |add_ln10_36_fu_2464_p2  |         +|   0|  0|  16|          15|          15|
    |add_ln10_4_fu_640_p2    |         +|   0|  0|  16|          15|          15|
    |add_ln10_6_fu_754_p2    |         +|   0|  0|  16|          15|          15|
    |add_ln10_8_fu_868_p2    |         +|   0|  0|  16|          15|          15|
    |add_ln10_fu_268_p2      |         +|   0|  0|  22|          15|          15|
    |add_ln11_10_fu_921_p2   |         +|   0|  0|  16|          26|          26|
    |add_ln11_12_fu_1025_p2  |         +|   0|  0|  16|          26|          26|
    |add_ln11_14_fu_1149_p2  |         +|   0|  0|  16|          26|          26|
    |add_ln11_16_fu_1253_p2  |         +|   0|  0|  16|          26|          26|
    |add_ln11_18_fu_1377_p2  |         +|   0|  0|  16|          26|          26|
    |add_ln11_20_fu_1481_p2  |         +|   0|  0|  16|          26|          26|
    |add_ln11_22_fu_1605_p2  |         +|   0|  0|  16|          26|          26|
    |add_ln11_24_fu_1709_p2  |         +|   0|  0|  16|          26|          26|
    |add_ln11_26_fu_1833_p2  |         +|   0|  0|  16|          26|          26|
    |add_ln11_28_fu_1937_p2  |         +|   0|  0|  16|          26|          26|
    |add_ln11_2_fu_306_p2    |         +|   0|  0|  16|          26|          26|
    |add_ln11_30_fu_2061_p2  |         +|   0|  0|  16|          26|          26|
    |add_ln11_32_fu_2165_p2  |         +|   0|  0|  16|          26|          26|
    |add_ln11_34_fu_2289_p2  |         +|   0|  0|  16|          26|          26|
    |add_ln11_36_fu_2393_p2  |         +|   0|  0|  16|          26|          26|
    |add_ln11_38_fu_2517_p2  |         +|   0|  0|  16|          26|          26|
    |add_ln11_4_fu_569_p2    |         +|   0|  0|  16|          26|          26|
    |add_ln11_6_fu_693_p2    |         +|   0|  0|  16|          26|          26|
    |add_ln11_8_fu_797_p2    |         +|   0|  0|  16|          26|          26|
    |add_ln11_fu_180_p2      |         +|   0|  0|  16|          26|          26|
    |add_ln12_10_fu_952_p2   |         +|   0|  0|  16|          15|          15|
    |add_ln12_11_fu_964_p2   |         +|   0|  0|  16|          26|          26|
    |add_ln12_12_fu_1063_p2  |         +|   0|  0|  16|          15|          15|
    |add_ln12_13_fu_1081_p2  |         +|   0|  0|  16|          26|          26|
    |add_ln12_14_fu_1180_p2  |         +|   0|  0|  16|          15|          15|
    |add_ln12_15_fu_1192_p2  |         +|   0|  0|  16|          26|          26|
    |add_ln12_16_fu_1291_p2  |         +|   0|  0|  16|          15|          15|
    |add_ln12_17_fu_1309_p2  |         +|   0|  0|  16|          26|          26|
    |add_ln12_18_fu_1408_p2  |         +|   0|  0|  16|          15|          15|
    |add_ln12_19_fu_1420_p2  |         +|   0|  0|  16|          26|          26|
    |add_ln12_1_fu_240_p2    |         +|   0|  0|  16|          26|          26|
    |add_ln12_20_fu_1519_p2  |         +|   0|  0|  16|          15|          15|
    |add_ln12_21_fu_1537_p2  |         +|   0|  0|  16|          26|          26|
    |add_ln12_22_fu_1636_p2  |         +|   0|  0|  16|          15|          15|
    |add_ln12_23_fu_1648_p2  |         +|   0|  0|  16|          26|          26|
    |add_ln12_24_fu_1747_p2  |         +|   0|  0|  16|          15|          15|
    |add_ln12_25_fu_1765_p2  |         +|   0|  0|  16|          26|          26|
    |add_ln12_26_fu_1864_p2  |         +|   0|  0|  16|          15|          15|
    |add_ln12_27_fu_1876_p2  |         +|   0|  0|  16|          26|          26|
    |add_ln12_28_fu_1975_p2  |         +|   0|  0|  16|          15|          15|
    |add_ln12_29_fu_1993_p2  |         +|   0|  0|  16|          26|          26|
    |add_ln12_2_fu_324_p2    |         +|   0|  0|  16|          15|          15|
    |add_ln12_30_fu_2092_p2  |         +|   0|  0|  16|          15|          15|
    |add_ln12_31_fu_2104_p2  |         +|   0|  0|  16|          26|          26|
    |add_ln12_32_fu_2203_p2  |         +|   0|  0|  16|          15|          15|
    |add_ln12_33_fu_2221_p2  |         +|   0|  0|  16|          26|          26|
    |add_ln12_34_fu_2320_p2  |         +|   0|  0|  16|          15|          15|
    |add_ln12_35_fu_2332_p2  |         +|   0|  0|  16|          26|          26|
    |add_ln12_36_fu_2431_p2  |         +|   0|  0|  16|          15|          15|
    |add_ln12_37_fu_2449_p2  |         +|   0|  0|  16|          26|          26|
    |add_ln12_38_fu_2562_p2  |         +|   0|  0|  16|          15|          15|
    |add_ln12_3_fu_342_p2    |         +|   0|  0|  16|          26|          26|
    |add_ln12_4_fu_607_p2    |         +|   0|  0|  16|          15|          15|
    |add_ln12_5_fu_625_p2    |         +|   0|  0|  16|          26|          26|
    |add_ln12_6_fu_724_p2    |         +|   0|  0|  16|          15|          15|
    |add_ln12_7_fu_736_p2    |         +|   0|  0|  16|          26|          26|
    |add_ln12_8_fu_835_p2    |         +|   0|  0|  16|          15|          15|
    |add_ln12_9_fu_853_p2    |         +|   0|  0|  16|          26|          26|
    |add_ln12_fu_218_p2      |         +|   0|  0|  19|          12|          12|
    |add_ln5_1_fu_2546_p2    |         +|   0|  0|  16|          26|          26|
    |add_ln5_2_fu_2614_p2    |         +|   0|  0|  22|          15|          15|
    |add_ln5_fu_2534_p2      |         +|   0|  0|  16|          15|          15|
    |hashed_10_fu_662_p2     |         +|   0|  0|  39|          32|          32|
    |hashed_11_fu_705_p2     |         +|   0|  0|  39|          32|          32|
    |hashed_13_fu_776_p2     |         +|   0|  0|  39|          32|          32|
    |hashed_14_fu_815_p2     |         +|   0|  0|  39|          32|          32|
    |hashed_16_fu_890_p2     |         +|   0|  0|  39|          32|          32|
    |hashed_17_fu_933_p2     |         +|   0|  0|  39|          32|          32|
    |hashed_19_fu_1004_p2    |         +|   0|  0|  39|          32|          32|
    |hashed_1_fu_146_p2      |         +|   0|  0|  39|          32|          32|
    |hashed_20_fu_1043_p2    |         +|   0|  0|  39|          32|          32|
    |hashed_22_fu_1118_p2    |         +|   0|  0|  39|          32|          32|
    |hashed_23_fu_1161_p2    |         +|   0|  0|  39|          32|          32|
    |hashed_25_fu_1232_p2    |         +|   0|  0|  39|          32|          32|
    |hashed_26_fu_1271_p2    |         +|   0|  0|  39|          32|          32|
    |hashed_28_fu_1346_p2    |         +|   0|  0|  39|          32|          32|
    |hashed_29_fu_1389_p2    |         +|   0|  0|  39|          32|          32|
    |hashed_2_fu_198_p2      |         +|   0|  0|  39|          32|          32|
    |hashed_31_fu_1460_p2    |         +|   0|  0|  39|          32|          32|
    |hashed_32_fu_1499_p2    |         +|   0|  0|  39|          32|          32|
    |hashed_34_fu_1574_p2    |         +|   0|  0|  39|          32|          32|
    |hashed_35_fu_1617_p2    |         +|   0|  0|  39|          32|          32|
    |hashed_37_fu_1688_p2    |         +|   0|  0|  39|          32|          32|
    |hashed_38_fu_1727_p2    |         +|   0|  0|  39|          32|          32|
    |hashed_40_fu_1802_p2    |         +|   0|  0|  39|          32|          32|
    |hashed_41_fu_1845_p2    |         +|   0|  0|  39|          32|          32|
    |hashed_43_fu_1916_p2    |         +|   0|  0|  39|          32|          32|
    |hashed_44_fu_1955_p2    |         +|   0|  0|  39|          32|          32|
    |hashed_46_fu_2030_p2    |         +|   0|  0|  39|          32|          32|
    |hashed_47_fu_2073_p2    |         +|   0|  0|  39|          32|          32|
    |hashed_49_fu_2144_p2    |         +|   0|  0|  39|          32|          32|
    |hashed_4_fu_290_p2      |         +|   0|  0|  39|          32|          32|
    |hashed_50_fu_2183_p2    |         +|   0|  0|  39|          32|          32|
    |hashed_52_fu_2258_p2    |         +|   0|  0|  39|          32|          32|
    |hashed_53_fu_2301_p2    |         +|   0|  0|  39|          32|          32|
    |hashed_55_fu_2372_p2    |         +|   0|  0|  39|          32|          32|
    |hashed_56_fu_2411_p2    |         +|   0|  0|  39|          32|          32|
    |hashed_58_fu_2486_p2    |         +|   0|  0|  39|          32|          32|
    |hashed_59_fu_2529_p2    |         +|   0|  0|  39|          32|          32|
    |hashed_5_fu_503_p2      |         +|   0|  0|  39|          32|          32|
    |hashed_61_fu_2608_p2    |         +|   0|  0|  33|          26|          26|
    |hashed_7_fu_549_p2      |         +|   0|  0|  39|          32|          32|
    |hashed_8_fu_587_p2      |         +|   0|  0|  39|          32|          32|
    |ap_return               |       xor|   0|  0|  15|          15|          15|
    |hashed_12_fu_742_p2     |       xor|   0|  0|  32|          32|          32|
    |hashed_15_fu_859_p2     |       xor|   0|  0|  32|          32|          32|
    |hashed_18_fu_970_p2     |       xor|   0|  0|  32|          32|          32|
    |hashed_21_fu_1087_p2    |       xor|   0|  0|  32|          32|          32|
    |hashed_24_fu_1198_p2    |       xor|   0|  0|  32|          32|          32|
    |hashed_27_fu_1315_p2    |       xor|   0|  0|  32|          32|          32|
    |hashed_30_fu_1426_p2    |       xor|   0|  0|  32|          32|          32|
    |hashed_33_fu_1543_p2    |       xor|   0|  0|  32|          32|          32|
    |hashed_36_fu_1654_p2    |       xor|   0|  0|  32|          32|          32|
    |hashed_39_fu_1771_p2    |       xor|   0|  0|  32|          32|          32|
    |hashed_3_fu_246_p2      |       xor|   0|  0|  32|          32|          32|
    |hashed_42_fu_1882_p2    |       xor|   0|  0|  32|          32|          32|
    |hashed_45_fu_1999_p2    |       xor|   0|  0|  32|          32|          32|
    |hashed_48_fu_2110_p2    |       xor|   0|  0|  32|          32|          32|
    |hashed_51_fu_2227_p2    |       xor|   0|  0|  32|          32|          32|
    |hashed_54_fu_2338_p2    |       xor|   0|  0|  32|          32|          32|
    |hashed_57_fu_2455_p2    |       xor|   0|  0|  32|          32|          32|
    |hashed_60_fu_2578_p2    |       xor|   0|  0|  26|          26|          26|
    |hashed_6_fu_522_p2      |       xor|   0|  0|  32|          32|          32|
    |hashed_9_fu_631_p2      |       xor|   0|  0|  32|          32|          32|
    |xor_ln10_10_fu_1568_p2  |       xor|   0|  0|  26|          26|          26|
    |xor_ln10_11_fu_1682_p2  |       xor|   0|  0|  26|          26|          26|
    |xor_ln10_12_fu_1796_p2  |       xor|   0|  0|  26|          26|          26|
    |xor_ln10_13_fu_1910_p2  |       xor|   0|  0|  26|          26|          26|
    |xor_ln10_14_fu_2024_p2  |       xor|   0|  0|  26|          26|          26|
    |xor_ln10_15_fu_2138_p2  |       xor|   0|  0|  26|          26|          26|
    |xor_ln10_16_fu_2252_p2  |       xor|   0|  0|  26|          26|          26|
    |xor_ln10_17_fu_2366_p2  |       xor|   0|  0|  26|          26|          26|
    |xor_ln10_18_fu_2480_p2  |       xor|   0|  0|  26|          26|          26|
    |xor_ln10_1_fu_544_p2    |       xor|   0|  0|  26|          26|          26|
    |xor_ln10_2_fu_656_p2    |       xor|   0|  0|  26|          26|          26|
    |xor_ln10_3_fu_770_p2    |       xor|   0|  0|  26|          26|          26|
    |xor_ln10_4_fu_884_p2    |       xor|   0|  0|  26|          26|          26|
    |xor_ln10_5_fu_998_p2    |       xor|   0|  0|  26|          26|          26|
    |xor_ln10_6_fu_1112_p2   |       xor|   0|  0|  26|          26|          26|
    |xor_ln10_7_fu_1226_p2   |       xor|   0|  0|  26|          26|          26|
    |xor_ln10_8_fu_1340_p2   |       xor|   0|  0|  26|          26|          26|
    |xor_ln10_9_fu_1454_p2   |       xor|   0|  0|  26|          26|          26|
    |xor_ln10_fu_284_p2      |       xor|   0|  0|  26|          26|          26|
    |xor_ln11_10_fu_1580_p2  |       xor|   0|  0|  15|          15|          15|
    |xor_ln11_11_fu_1703_p2  |       xor|   0|  0|  15|          15|          15|
    |xor_ln11_12_fu_1808_p2  |       xor|   0|  0|  15|          15|          15|
    |xor_ln11_13_fu_1931_p2  |       xor|   0|  0|  15|          15|          15|
    |xor_ln11_14_fu_2036_p2  |       xor|   0|  0|  15|          15|          15|
    |xor_ln11_15_fu_2159_p2  |       xor|   0|  0|  15|          15|          15|
    |xor_ln11_16_fu_2264_p2  |       xor|   0|  0|  15|          15|          15|
    |xor_ln11_17_fu_2387_p2  |       xor|   0|  0|  15|          15|          15|
    |xor_ln11_18_fu_2492_p2  |       xor|   0|  0|  15|          15|          15|
    |xor_ln11_1_fu_564_p2    |       xor|   0|  0|  15|          15|          15|
    |xor_ln11_2_fu_668_p2    |       xor|   0|  0|  15|          15|          15|
    |xor_ln11_3_fu_791_p2    |       xor|   0|  0|  15|          15|          15|
    |xor_ln11_4_fu_896_p2    |       xor|   0|  0|  15|          15|          15|
    |xor_ln11_5_fu_1019_p2   |       xor|   0|  0|  15|          15|          15|
    |xor_ln11_6_fu_1124_p2   |       xor|   0|  0|  15|          15|          15|
    |xor_ln11_7_fu_1247_p2   |       xor|   0|  0|  15|          15|          15|
    |xor_ln11_8_fu_1352_p2   |       xor|   0|  0|  15|          15|          15|
    |xor_ln11_9_fu_1475_p2   |       xor|   0|  0|  15|          15|          15|
    |xor_ln11_fu_300_p2      |       xor|   0|  0|  15|          15|          15|
    |xor_ln14_fu_2590_p2     |       xor|   0|  0|  15|          15|          15|
    +------------------------+----------+----+---+----+------------+------------+
    |Total                   |          |   0|  0|4347|        4401|        4401|
    +------------------------+----------+----+---+----+------------+------------+

    * Multiplexer: 
    +-----------+----+-----------+-----+-----------+
    |    Name   | LUT| Input Size| Bits| Total Bits|
    +-----------+----+-----------+-----+-----------+
    |ap_NS_fsm  |  65|         12|    1|         12|
    +-----------+----+-----------+-----+-----------+
    |Total      |  65|         12|    1|         12|
    +-----------+----+-----------+-----+-----------+

    * Register: 
    +------------------------+----+----+-----+-----------+
    |          Name          | FF | LUT| Bits| Const Bits|
    +------------------------+----+----+-----+-----------+
    |add_ln10_2_reg_2654     |  15|   0|   15|          0|
    |add_ln12_3_reg_2642     |  26|   0|   26|          0|
    |ap_CS_fsm               |  11|   0|   11|          0|
    |hashed_10_reg_2783      |  32|   0|   32|          0|
    |hashed_16_reg_2809      |  32|   0|   32|          0|
    |hashed_22_reg_2835      |  32|   0|   32|          0|
    |hashed_28_reg_2861      |  32|   0|   32|          0|
    |hashed_34_reg_2887      |  32|   0|   32|          0|
    |hashed_40_reg_2913      |  32|   0|   32|          0|
    |hashed_46_reg_2939      |  32|   0|   32|          0|
    |hashed_4_reg_2636       |  32|   0|   32|          0|
    |hashed_52_reg_2965      |  32|   0|   32|          0|
    |hashed_58_reg_2991      |  32|   0|   32|          0|
    |ret_10_reg_2708         |   1|   0|    1|          0|
    |ret_11_reg_2715         |   1|   0|    1|          0|
    |ret_12_reg_2722         |   1|   0|    1|          0|
    |ret_13_reg_2729         |   1|   0|    1|          0|
    |ret_14_reg_2736         |   1|   0|    1|          0|
    |ret_15_reg_2743         |   1|   0|    1|          0|
    |ret_16_reg_2750         |   1|   0|    1|          0|
    |ret_17_reg_2757         |   1|   0|    1|          0|
    |ret_18_reg_2764         |   1|   0|    1|          0|
    |ret_2_reg_2647          |   1|   0|    1|          0|
    |ret_3_reg_2659          |   1|   0|    1|          0|
    |ret_4_reg_2666          |   1|   0|    1|          0|
    |ret_5_reg_2673          |   1|   0|    1|          0|
    |ret_6_reg_2680          |   1|   0|    1|          0|
    |ret_7_reg_2687          |   1|   0|    1|          0|
    |ret_8_reg_2694          |   1|   0|    1|          0|
    |ret_9_reg_2701          |   1|   0|    1|          0|
    |tmp_22_reg_2771         |   1|   0|    1|          0|
    |trunc_ln11_21_reg_2794  |  16|   0|   16|          0|
    |trunc_ln11_23_reg_2820  |  16|   0|   16|          0|
    |trunc_ln11_25_reg_2846  |  16|   0|   16|          0|
    |trunc_ln11_27_reg_2872  |  16|   0|   16|          0|
    |trunc_ln11_29_reg_2898  |  16|   0|   16|          0|
    |trunc_ln11_31_reg_2924  |  16|   0|   16|          0|
    |trunc_ln11_33_reg_2950  |  16|   0|   16|          0|
    |trunc_ln11_35_reg_2976  |  16|   0|   16|          0|
    |trunc_ln11_37_reg_3002  |  16|   0|   16|          0|
    |trunc_ln12_11_reg_2825  |   5|   0|    5|          0|
    |trunc_ln12_15_reg_2851  |   5|   0|    5|          0|
    |trunc_ln12_19_reg_2877  |   5|   0|    5|          0|
    |trunc_ln12_23_reg_2903  |   5|   0|    5|          0|
    |trunc_ln12_27_reg_2929  |   5|   0|    5|          0|
    |trunc_ln12_31_reg_2955  |   5|   0|    5|          0|
    |trunc_ln12_35_reg_2981  |   5|   0|    5|          0|
    |trunc_ln12_6_reg_2799   |   5|   0|    5|          0|
    |trunc_ln5_1_reg_3007    |   5|   0|    5|          0|
    |xor_ln10_10_reg_2882    |  26|   0|   26|          0|
    |xor_ln10_12_reg_2908    |  26|   0|   26|          0|
    |xor_ln10_14_reg_2934    |  26|   0|   26|          0|
    |xor_ln10_16_reg_2960    |  26|   0|   26|          0|
    |xor_ln10_18_reg_2986    |  26|   0|   26|          0|
    |xor_ln10_2_reg_2778     |  26|   0|   26|          0|
    |xor_ln10_4_reg_2804     |  26|   0|   26|          0|
    |xor_ln10_6_reg_2830     |  26|   0|   26|          0|
    |xor_ln10_8_reg_2856     |  26|   0|   26|          0|
    |xor_ln11_10_reg_2893    |  15|   0|   15|          0|
    |xor_ln11_12_reg_2919    |  15|   0|   15|          0|
    |xor_ln11_14_reg_2945    |  15|   0|   15|          0|
    |xor_ln11_16_reg_2971    |  15|   0|   15|          0|
    |xor_ln11_18_reg_2997    |  15|   0|   15|          0|
    |xor_ln11_2_reg_2789     |  15|   0|   15|          0|
    |xor_ln11_4_reg_2815     |  15|   0|   15|          0|
    |xor_ln11_6_reg_2841     |  15|   0|   15|          0|
    |xor_ln11_8_reg_2867     |  15|   0|   15|          0|
    +------------------------+----+----+-----+-----------+
    |Total                   | 948|   0|  948|          0|
    +------------------------+----+----+-----+-----------+



================================================================
== Interface
================================================================
* Summary: 
+-----------+-----+-----+------------+--------------+--------------+
| RTL Ports | Dir | Bits|  Protocol  | Source Object|    C Type    |
+-----------+-----+-----+------------+--------------+--------------+
|ap_clk     |   in|    1|  ap_ctrl_hs|       my_hash|  return value|
|ap_rst     |   in|    1|  ap_ctrl_hs|       my_hash|  return value|
|ap_start   |   in|    1|  ap_ctrl_hs|       my_hash|  return value|
|ap_done    |  out|    1|  ap_ctrl_hs|       my_hash|  return value|
|ap_idle    |  out|    1|  ap_ctrl_hs|       my_hash|  return value|
|ap_ready   |  out|    1|  ap_ctrl_hs|       my_hash|  return value|
|ap_return  |  out|   15|  ap_ctrl_hs|       my_hash|  return value|
|key        |   in|   21|     ap_none|           key|        scalar|
+-----------+-----+-----+------------+--------------+--------------+

